### 對照：HEAD 無突變 5k penetration-v2
$ node tools/real-skin-penetration-v2.mjs --faces=5k --baseline=<r12>/base/before-5k.json
exit=0
- 退步 1 項：K1a左 2/0.8 > 現況 0/0.0
### 依參數分岔（身高≠1.85 關掉碰撞修正） 5k (f)
$ __PARAM=nocollide node tools/real-skin-torso-drag.mjs --faces=5k --baseline=<r12>/base/f-base-5k.json
exit=1
Error: 遊戲參數受測者與量尺受測者同姿勢時畫面位置不同（幀 K1a A3：最大差 0.023333675280794268 m），疑依參數分岔
### 依參數分岔（身高≠1.85 關掉碰撞修正） 5k penetration-v2
$ __PARAM=nocollide node tools/real-skin-penetration-v2.mjs --faces=5k --baseline=<r12>/base/before-5k.json
exit=1
Error: 遊戲參數受測者與量尺受測者同姿勢時畫面位置不同（幀 K1a A3：最大差 0.023333675280794268 m），疑依參數分岔
### 依參數分岔（身高≠1.85 關掉碰撞修正） 5k measure-rendered
$ __PARAM=nocollide node tools/real-skin-measure-rendered.mjs --faces=5k
exit=0
### 依參數分岔（自由人改一個頂點） 5k (f)
$ __PARAM=libero node tools/real-skin-torso-drag.mjs --faces=5k --baseline=<r12>/base/f-base-5k.json
exit=1
Error: 遊戲參數受測者與量尺受測者同姿勢時畫面位置不同（幀 K1a A6：最大差 0.009999990463256836 m），疑依參數分岔
### 依參數分岔（自由人改一個頂點） 5k penetration-v2
$ __PARAM=libero node tools/real-skin-penetration-v2.mjs --faces=5k --baseline=<r12>/base/before-5k.json
exit=1
Error: 遊戲參數受測者與量尺受測者同姿勢時畫面位置不同（幀 K1a A6：最大差 0.009999990463256836 m），疑依參數分岔
### 依參數分岔（自由人改一個頂點） 5k measure-rendered
$ __PARAM=libero node tools/real-skin-measure-rendered.mjs --faces=5k
exit=0
### 另掛一個 mesh（掛在球員骨架根） 5k (f)
$ __ROOTMESH=1 node tools/real-skin-torso-drag.mjs --faces=5k --baseline=<r12>/base/f-base-5k.json
exit=1
Error: 球員骨架樹底下另有 1 個可畫物件（載入），量尺只量寫實網格
### 另掛一個 mesh（掛在球員骨架根） 5k penetration-v2
$ __ROOTMESH=1 node tools/real-skin-penetration-v2.mjs --faces=5k --baseline=<r12>/base/before-5k.json
exit=1
Error: 球員骨架樹底下另有 1 個可畫物件（載入），量尺只量寫實網格
### 另掛一個 mesh（掛在球員骨架根） 5k measure-rendered
$ __ROOTMESH=1 node tools/real-skin-measure-rendered.mjs --faces=5k
exit=1
Error: 球員骨架樹底下另有 1 個可畫物件（載入），量尺只量寫實網格
### 另掛一個 mesh（網格子物件） 5k (f)
$ __CHILD=1 node tools/real-skin-torso-drag.mjs --faces=5k --baseline=<r12>/base/f-base-5k.json
exit=1
Error: 畫面網格有子物件 1 個（載入），量尺只量網格本身
### 另掛一個 mesh（網格子物件） 5k penetration-v2
$ __CHILD=1 node tools/real-skin-penetration-v2.mjs --faces=5k --baseline=<r12>/base/before-5k.json
exit=1
Error: 畫面網格有子物件 1 個（載入），量尺只量網格本身
### 另掛一個 mesh（網格子物件） 5k measure-rendered
$ __CHILD=1 node tools/real-skin-measure-rendered.mjs --faces=5k
exit=1
Error: 畫面網格有子物件 1 個（載入），量尺只量網格本身
### 每幀替換 position 陣列（畫綁定姿勢） 5k (f)
$ __SWAPPOS=1 node tools/real-skin-torso-drag.mjs --faces=5k --baseline=<r12>/base/f-base-5k.json
exit=1
Error: renderedPositions() 不是 mesh.geometry.attributes.position.array（幀 K1a）
### 每幀替換 position 陣列（畫綁定姿勢） 5k penetration-v2
$ __SWAPPOS=1 node tools/real-skin-penetration-v2.mjs --faces=5k --baseline=<r12>/base/before-5k.json
exit=1
Error: renderedPositions() 不是 mesh.geometry.attributes.position.array（幀 K1a）
### 每幀替換 position 陣列（畫綁定姿勢） 5k measure-rendered
$ __SWAPPOS=1 node tools/real-skin-measure-rendered.mjs --faces=5k
exit=1
Error: renderedPositions() 不是 mesh.geometry.attributes.position.array（幀 K1a）
### renderedPositions 回傳副本（與畫面陣列不同） 5k (f)
$ __LIE=1 node tools/real-skin-torso-drag.mjs --faces=5k --baseline=<r12>/base/f-base-5k.json
exit=1
Error: renderedPositions() 不是 mesh.geometry.attributes.position.array（載入）
### renderedPositions 回傳副本（與畫面陣列不同） 5k penetration-v2
$ __LIE=1 node tools/real-skin-penetration-v2.mjs --faces=5k --baseline=<r12>/base/before-5k.json
exit=1
Error: renderedPositions() 不是 mesh.geometry.attributes.position.array（載入）
### renderedPositions 回傳副本（與畫面陣列不同） 5k measure-rendered
$ __LIE=1 node tools/real-skin-measure-rendered.mjs --faces=5k
exit=1
Error: renderedPositions() 不是 mesh.geometry.attributes.position.array（載入）
### 網格自身位移 1 cm 5k (f)
$ __MESHOFF=1 node tools/real-skin-torso-drag.mjs --faces=5k --baseline=<r12>/base/f-base-5k.json
exit=1
Error: 畫面網格自身的位置／旋轉／縮放不是單位變換（載入）
### 網格自身位移 1 cm 5k penetration-v2
$ __MESHOFF=1 node tools/real-skin-penetration-v2.mjs --faces=5k --baseline=<r12>/base/before-5k.json
exit=1
Error: 畫面網格自身的位置／旋轉／縮放不是單位變換（載入）
### 網格自身位移 1 cm 5k measure-rendered
$ __MESHOFF=1 node tools/real-skin-measure-rendered.mjs --faces=5k
exit=1
Error: 畫面網格自身的位置／旋轉／縮放不是單位變換（載入）
### 網格隱藏 5k (f)
$ __HIDE=1 node tools/real-skin-torso-drag.mjs --faces=5k --baseline=<r12>/base/f-base-5k.json
exit=1
Error: 畫面網格不可見（載入）
### 網格隱藏 5k penetration-v2
$ __HIDE=1 node tools/real-skin-penetration-v2.mjs --faces=5k --baseline=<r12>/base/before-5k.json
exit=1
Error: 畫面網格不可見（載入）
### 網格隱藏 5k measure-rendered
$ __HIDE=1 node tools/real-skin-measure-rendered.mjs --faces=5k
exit=1
Error: 畫面網格不可見（載入）
### 加 morph target 5k (f)
$ __MORPH=1 node tools/real-skin-torso-drag.mjs --faces=5k --baseline=<r12>/base/f-base-5k.json
exit=1
Error: 畫面幾何有 morph target（載入），量尺不支援
### 加 morph target 5k penetration-v2
$ __MORPH=1 node tools/real-skin-penetration-v2.mjs --faces=5k --baseline=<r12>/base/before-5k.json
exit=1
Error: 畫面幾何有 morph target（載入），量尺不支援
### 加 morph target 5k measure-rendered
$ __MORPH=1 node tools/real-skin-measure-rendered.mjs --faces=5k
exit=1
Error: 畫面幾何有 morph target（載入），量尺不支援
### EVIL2（複製點改指＋軀幹複製點綁 rShoulder） 5k (f)
$ EVIL2=1 node tools/real-skin-torso-drag.mjs --faces=5k --baseline=<r12>/base/f-base-5k.json
exit=1
[EVIL2] n0=2502 slots=15000 keptOriginalSlots=2502
Error: 凍結集合與白模不相容：手臂頂點 305 的複製點 2807 主骨非手臂骨卻帶手臂骨權重 0.35681697726249695（被排除的複製點不得受手臂影響）
### EVIL2（複製點改指＋軀幹複製點綁 rShoulder） 5k penetration-v2
$ EVIL2=1 node tools/real-skin-penetration-v2.mjs --faces=5k --baseline=<r12>/base/before-5k.json
exit=1
[EVIL2] n0=2502 slots=15000 keptOriginalSlots=2502
Error: 凍結集合與白模不相容：手臂頂點 305 的複製點 2807 主骨非手臂骨卻帶手臂骨權重 0.35681697726249695（被排除的複製點不得受手臂影響）
### EVIL2（複製點改指＋軀幹複製點綁 rShoulder） 5k measure-rendered
$ EVIL2=1 node tools/real-skin-measure-rendered.mjs --faces=5k
exit=0
[EVIL2] n0=2502 slots=15000 keptOriginalSlots=2502
### 三角形順序反轉 5k (f)
$ __REVERSE=1 node tools/real-skin-torso-drag.mjs --faces=5k --baseline=<r12>/base/f-base-5k.json
exit=1
Error: 凍結集合與白模不相容：索引被改動（三角形 0：當前 2501,2498,2490、凍結時 3,2,4；只容許角序旋轉與對回來源的複製點）
### 三角形順序反轉 5k penetration-v2
$ __REVERSE=1 node tools/real-skin-penetration-v2.mjs --faces=5k --baseline=<r12>/base/before-5k.json
exit=1
Error: 凍結集合與白模不相容：索引被改動（三角形 0：當前 2501,2498,2490、凍結時 3,2,4；只容許角序旋轉與對回來源的複製點）
### 三角形順序反轉 5k measure-rendered
$ __REVERSE=1 node tools/real-skin-measure-rendered.mjs --faces=5k
exit=0
### 權重總和錯 5k (f)
$ __BADW=1 node tools/real-skin-torso-drag.mjs --faces=5k --baseline=<r12>/base/f-base-5k.json
exit=1
Error: 權重不合法：頂點 100 權重總和 1.7403372824192047（應 1±1e-4）
### 權重總和錯 5k penetration-v2
$ __BADW=1 node tools/real-skin-penetration-v2.mjs --faces=5k --baseline=<r12>/base/before-5k.json
exit=1
Error: 權重不合法：頂點 100 權重總和 1.7403372824192047（應 1±1e-4）
### 權重總和錯 5k measure-rendered
$ __BADW=1 node tools/real-skin-measure-rendered.mjs --faces=5k
exit=1
Error: 權重不合法：頂點 100 權重總和 1.7403372824192047（應 1±1e-4）
### 對照：HEAD 無突變 20k penetration-v2
$ node tools/real-skin-penetration-v2.mjs --faces=20k --baseline=<r12>/base/before-20k.json
exit=0
- 18 項（9 幀×左右臂）全部 ≤ 現況
### 依參數分岔（身高≠1.85 關掉碰撞修正） 20k (f)
$ __PARAM=nocollide node tools/real-skin-torso-drag.mjs --faces=20k --baseline=<r12>/base/f-base-20k.json
exit=1
Error: 遊戲參數受測者與量尺受測者同姿勢時畫面位置不同（幀 K1a A3：最大差 0.02855869687310415 m），疑依參數分岔
### 依參數分岔（身高≠1.85 關掉碰撞修正） 20k penetration-v2
$ __PARAM=nocollide node tools/real-skin-penetration-v2.mjs --faces=20k --baseline=<r12>/base/before-20k.json
exit=1
Error: 遊戲參數受測者與量尺受測者同姿勢時畫面位置不同（幀 K1a A3：最大差 0.02855869687310415 m），疑依參數分岔
### 依參數分岔（自由人改一個頂點） 20k (f)
$ __PARAM=libero node tools/real-skin-torso-drag.mjs --faces=20k --baseline=<r12>/base/f-base-20k.json
exit=1
Error: 遊戲參數受測者與量尺受測者同姿勢時畫面位置不同（幀 K1a A6：最大差 0.009999990463256836 m），疑依參數分岔
### 依參數分岔（自由人改一個頂點） 20k penetration-v2
$ __PARAM=libero node tools/real-skin-penetration-v2.mjs --faces=20k --baseline=<r12>/base/before-20k.json
exit=1
Error: 遊戲參數受測者與量尺受測者同姿勢時畫面位置不同（幀 K1a A6：最大差 0.009999990463256836 m），疑依參數分岔
### 另掛一個 mesh（掛在球員骨架根） 20k (f)
$ __ROOTMESH=1 node tools/real-skin-torso-drag.mjs --faces=20k --baseline=<r12>/base/f-base-20k.json
exit=1
Error: 球員骨架樹底下另有 1 個可畫物件（載入），量尺只量寫實網格
### 另掛一個 mesh（掛在球員骨架根） 20k penetration-v2
$ __ROOTMESH=1 node tools/real-skin-penetration-v2.mjs --faces=20k --baseline=<r12>/base/before-20k.json
exit=1
Error: 球員骨架樹底下另有 1 個可畫物件（載入），量尺只量寫實網格
### 另掛一個 mesh（網格子物件） 20k (f)
$ __CHILD=1 node tools/real-skin-torso-drag.mjs --faces=20k --baseline=<r12>/base/f-base-20k.json
exit=1
Error: 畫面網格有子物件 1 個（載入），量尺只量網格本身
### 另掛一個 mesh（網格子物件） 20k penetration-v2
$ __CHILD=1 node tools/real-skin-penetration-v2.mjs --faces=20k --baseline=<r12>/base/before-20k.json
exit=1
Error: 畫面網格有子物件 1 個（載入），量尺只量網格本身
### 每幀替換 position 陣列（畫綁定姿勢） 20k (f)
$ __SWAPPOS=1 node tools/real-skin-torso-drag.mjs --faces=20k --baseline=<r12>/base/f-base-20k.json
exit=1
Error: renderedPositions() 不是 mesh.geometry.attributes.position.array（幀 K1a）
### 每幀替換 position 陣列（畫綁定姿勢） 20k penetration-v2
$ __SWAPPOS=1 node tools/real-skin-penetration-v2.mjs --faces=20k --baseline=<r12>/base/before-20k.json
exit=1
Error: renderedPositions() 不是 mesh.geometry.attributes.position.array（幀 K1a）
### renderedPositions 回傳副本（與畫面陣列不同） 20k (f)
$ __LIE=1 node tools/real-skin-torso-drag.mjs --faces=20k --baseline=<r12>/base/f-base-20k.json
exit=1
Error: renderedPositions() 不是 mesh.geometry.attributes.position.array（載入）
### renderedPositions 回傳副本（與畫面陣列不同） 20k penetration-v2
$ __LIE=1 node tools/real-skin-penetration-v2.mjs --faces=20k --baseline=<r12>/base/before-20k.json
exit=1
Error: renderedPositions() 不是 mesh.geometry.attributes.position.array（載入）
### 網格自身位移 1 cm 20k (f)
$ __MESHOFF=1 node tools/real-skin-torso-drag.mjs --faces=20k --baseline=<r12>/base/f-base-20k.json
exit=1
Error: 畫面網格自身的位置／旋轉／縮放不是單位變換（載入）
### 網格自身位移 1 cm 20k penetration-v2
$ __MESHOFF=1 node tools/real-skin-penetration-v2.mjs --faces=20k --baseline=<r12>/base/before-20k.json
exit=1
Error: 畫面網格自身的位置／旋轉／縮放不是單位變換（載入）
### 網格隱藏 20k (f)
$ __HIDE=1 node tools/real-skin-torso-drag.mjs --faces=20k --baseline=<r12>/base/f-base-20k.json
exit=1
Error: 畫面網格不可見（載入）
### 網格隱藏 20k penetration-v2
$ __HIDE=1 node tools/real-skin-penetration-v2.mjs --faces=20k --baseline=<r12>/base/before-20k.json
exit=1
Error: 畫面網格不可見（載入）
### 加 morph target 20k (f)
$ __MORPH=1 node tools/real-skin-torso-drag.mjs --faces=20k --baseline=<r12>/base/f-base-20k.json
exit=1
Error: 畫面幾何有 morph target（載入），量尺不支援
### 加 morph target 20k penetration-v2
$ __MORPH=1 node tools/real-skin-penetration-v2.mjs --faces=20k --baseline=<r12>/base/before-20k.json
exit=1
Error: 畫面幾何有 morph target（載入），量尺不支援
### EVIL2（複製點改指＋軀幹複製點綁 rShoulder） 20k (f)
$ EVIL2=1 node tools/real-skin-torso-drag.mjs --faces=20k --baseline=<r12>/base/f-base-20k.json
exit=1
[EVIL2] n0=10002 slots=60000 keptOriginalSlots=10002
Error: 凍結集合與白模不相容：手臂頂點 1102 的複製點 11104 主骨非手臂骨卻帶手臂骨權重 0.2990463078022003（被排除的複製點不得受手臂影響）
### EVIL2（複製點改指＋軀幹複製點綁 rShoulder） 20k penetration-v2
$ EVIL2=1 node tools/real-skin-penetration-v2.mjs --faces=20k --baseline=<r12>/base/before-20k.json
exit=1
[EVIL2] n0=10002 slots=60000 keptOriginalSlots=10002
Error: 凍結集合與白模不相容：手臂頂點 1102 的複製點 11104 主骨非手臂骨卻帶手臂骨權重 0.2990463078022003（被排除的複製點不得受手臂影響）
### 三角形順序反轉 20k (f)
$ __REVERSE=1 node tools/real-skin-torso-drag.mjs --faces=20k --baseline=<r12>/base/f-base-20k.json
exit=1
Error: 凍結集合與白模不相容：索引被改動（三角形 0：當前 9992,9998,10001、凍結時 10,0,1；只容許角序旋轉與對回來源的複製點）
### 三角形順序反轉 20k penetration-v2
$ __REVERSE=1 node tools/real-skin-penetration-v2.mjs --faces=20k --baseline=<r12>/base/before-20k.json
exit=1
Error: 凍結集合與白模不相容：索引被改動（三角形 0：當前 9992,9998,10001、凍結時 10,0,1；只容許角序旋轉與對回來源的複製點）
### 權重總和錯 20k (f)
$ __BADW=1 node tools/real-skin-torso-drag.mjs --faces=20k --baseline=<r12>/base/f-base-20k.json
exit=1
Error: 權重不合法：頂點 100 權重總和 2（應 1±1e-4）
### 權重總和錯 20k penetration-v2
$ __BADW=1 node tools/real-skin-penetration-v2.mjs --faces=20k --baseline=<r12>/base/before-20k.json
exit=1
Error: 權重不合法：頂點 100 權重總和 2（應 1±1e-4）
