== 5k {"UPPER_RIGID_T":0.4,"AUX":{"c0":0.3,"c1":0.8,"W0":0.7}}
K1a a 94/24.75 | b r 4/4.8 l 6/5.6 (base 2/4.1 0/0) | e r 0/0 l 0/0 | f 26/6.9 (≤71/7.9) | c -17.5/-53.3 | w r 5/8.8 l 8/11.8 (≤34/11.2 35/9.7) ✗ S1,S2ir,S2il,S14l
K1b a 75/34.38 | b r 0/0 l 46/9.7 (base 0/0 67/9.4) | e r 0/0 l 1/0.4 | f 19/5.1 (≤56/6.7) | c -6.8/-26.4 | w r 6/17.5 l 1/2.5 (≤34/14.1 33/5.9) ✗ S1,S2il,S14r
K2a a 53/16.22 | b r 7/4 l 4/1.4 (base 22/7.3 21/6.5) | e r 0/0 l 0/0 | f 14/4.7 (≤46/5.7) | c -0.2/0.1 | w r 3/6.9 l 5/5.8 (≤33/7.8 35/6.7) ✗ S1
K2b a 88/30.12 | b r 0/0 l 8/4.7 (base 0/0 4/2.4) | e r 0/0 l 0/0 | f 22/6.3 (≤64/7.3) | c -14.6/-46.7 | w r 5/10.8 l 5/7.8 (≤34/12.1 35/8.7) ✗ S1,S2il
K3a a 31/8.56 | b r 0/0 l 2/1.3 (base 20/7.7 41/7.5) | e r 0/0 l 0/0 | f 22/5.9 (≤52/6.9) | c 0.2/0.1 | w r 4/3.2 l 0/1.5 (≤32/4.6 30/2.3) ✗ S1,S2iil
K3b a 19/7.13 | b r 6/5.4 l 0/0 (base 42/8.2 17/5) | e r 0/0 l 0/0 | f 21/6 (≤51/7) | c 0.2/0.2 | w r 0/0.9 l 0/1.9 (≤30/1.8 30/2.3) ✗ S1,S2iir
K4a a 2/1.87 | b r 9/2 l 5/0.5 (base 93/8.9 87/7.7) | e r 14/1.5 l 3/0.4 | f 5/2.6 (≤35/3.6) | c -0.1/0.0 | w r 0/0.9 l 0/0.7 (≤30/1.2 30/1.2) ✗ S2iir
K4b a 43/13.48 | b r 15/6 l 10/4.3 (base 37/10.3 36/8.1) | e r 0/0 l 0/0 | f 23/6.4 (≤55/7.4) | c 0.7/0.2 | w r 4/6.6 l 7/6.1 (≤33/6.8 35/5.9) ✗ S1,S2iiir,S2iiil,S14l
K4c a 71/21.37 | b r 14/6 l 11/4 (base 20/6.3 19/6.4) | e r 0/0 l 0/0 | f 11/4.3 (≤47/5.3) | c 1.1/0.1 | w r 3/8 l 5/6.7 (≤33/8.6 35/7.3) ✗ S1,S2iiir,S2iiil
S13 r 0.323 l 0.268 
K1a:S1,S2ir,S2il,S14l  K1b:S1,S2il,S14r  K2a:S1  K2b:S1,S2il  K3a:S1,S2iil  K3b:S1,S2iir  K4a:S2iir  K4b:S1,S2iiir,S2iiil,S14l  K4c:S1,S2iiir,S2iiil
== 20k {"UPPER_RIGID_T":0.4,"AUX":{"c0":0.3,"c1":0.8,"W0":0.7}}
K1a a 326/19.97 | b r 30/5 l 27/5.6 (base 22/4 6/1.4) | e r 0/0 l 0/0 | f 82/7.5 (≤168/8.5) | c -5.2/-53.9 | w r 21/9.1 l 24/11.8 (≤50/11.7 47/9.8) ✗ S1,S2ir,S2il,S14l
K1b a 269/18.78 | b r 0/0 l 191/9.4 (base 0/0 259/9.7) | e r 0/0 l 16/3.7 | f 58/5.6 (≤122/6.6) | c -2.1/-27.0 | w r 26/17.7 l 3/2.9 (≤50/14.7 40/6.1) ✗ S1,S14r
K2a a 189/11.60 | b r 46/4.8 l 31/3.8 (base 95/8 92/7.1) | e r 0/0 l 0/0 | f 51/5.1 (≤88/6.1) | c 0.1/-0.0 | w r 13/6.9 l 17/5.8 (≤41/7.9 44/6.7) ✗ S1
K2b a 315/21.53 | b r 8/4.4 l 35/5.7 (base 1/0 20/2.9) | e r 0/0 l 0/0 | f 75/6.9 (≤158/7.9) | c -4.5/-47.3 | w r 22/11.4 l 20/7.8 (≤50/13.1 47/8.9) ✗ S1,S2ir,S2il
K3a a 96/6.03 | b r 9/3.9 l 18/3.5 (base 69/7.3 162/7.3) | e r 0/0 l 0/0 | f 76/6.4 (≤106/7.4) | c -0.3/-0.3 | w r 18/3.6 l 0/1.9 (≤45/5 30/2.6) ✗ S1,S2iir,S2iil
K3b a 102/5.43 | b r 38/4.9 l 4/3.2 (base 193/8.1 69/4.9) | e r 0/0 l 0/0 | f 71/6.5 (≤101/7.5) | c 0.2/0.2 | w r 0/1.1 l 6/2.5 (≤30/2 34/3.5) ✗ S2iir,S2iil
K4a a 4/1.62 | b r 50/2.1 l 18/1.1 (base 422/9.4 420/8.3) | e r 47/1.9 l 8/0.5 | f 20/2.8 (≤50/3.8) | c 0.1/0.0 | w r 0/0.8 l 0/0.7 (≤30/1.3 30/1.2) ✗ S2iir,S2iil
K4b a 165/9.35 | b r 77/6.1 l 50/5 (base 167/10.2 154/8.9) | e r 0/0 l 0/0 | f 74/8.1 (≤107/9.1) | c 0.4/-0.1 | w r 17/6.5 l 18/5.8 (≤39/6.9 43/6) ✗ S1,S2iiir,S2iiil
K4c a 249/14.87 | b r 67/6 l 59/5 (base 90/7.7 87/7.1) | e r 0/0 l 0/0 | f 37/5.3 (≤94/6.3) | c -0.5/-0.1 | w r 17/8.1 l 19/6.8 (≤46/8.8 47/7.4) ✗ S1,S2iiir,S2iiil
S13 r 0.288 l 0.271 
K1a:S1,S2ir,S2il,S14l  K1b:S1,S14r  K2a:S1  K2b:S1,S2ir,S2il  K3a:S1,S2iir,S2iil  K3b:S2iir,S2iil  K4a:S2iir,S2iil  K4b:S1,S2iiir,S2iiil  K4c:S1,S2iiir,S2iiil
== 5k {"AUX":{"c0":0.3,"c1":0.8,"W0":0.7}}
K1a a 62/3.83 | b r 7/2.8 l 12/7.4 (base 2/4.1 0/0) | e r 0/0 l 0/0 | f 26/6.9 (≤71/7.9) | c -17.5/-53.3 | w r 12/8.8 l 11/11.8 (≤34/11.2 35/9.7) ✗ S2ir,S2il,S14l
K1b a 48/4.84 | b r 0/0 l 38/8 (base 0/0 67/9.4) | e r 0/0 l 1/1.1 | f 19/5.1 (≤56/6.7) | c -6.8/-26.4 | w r 42/17.5 l 4/2.5 (≤34/14.1 33/5.9) ✗ S14r
K2a a 14/2.52 | b r 1/0.5 l 1/0.1 (base 22/7.3 21/6.5) | e r 0/0 l 0/0 | f 14/4.7 (≤46/5.7) | c -0.2/0.1 | w r 28/6.9 l 26/5.8 (≤33/7.8 35/6.7) 
K2b a 55/3.80 | b r 1/0.4 l 14/4.9 (base 0/0 4/2.4) | e r 0/0 l 0/0 | f 22/6.3 (≤64/7.3) | c -14.6/-46.7 | w r 25/10.8 l 12/7.8 (≤34/12.1 35/8.7) ✗ S2ir,S2il
K3a a 0/1.71 | b r 0/0 l 0/0 (base 20/7.7 41/7.5) | e r 0/0 l 0/0 | f 22/5.9 (≤52/6.9) | c 0.2/0.1 | w r 18/3.3 l 1/2.1 (≤32/4.6 30/2.3) 
K3b a 0/1.60 | b r 0/0 l 0/0 (base 42/8.2 17/5) | e r 0/0 l 0/0 | f 21/6 (≤51/7) | c 0.2/0.2 | w r 3/2 l 11/2.9 (≤30/1.8 30/2.3) ✗ S14r,S14l
K4a a 0/1.28 | b r 7/1.6 l 1/0 (base 93/8.9 87/7.7) | e r 14/1.3 l 1/0 | f 5/2.6 (≤35/3.6) | c -0.1/0.0 | w r 0/1.6 l 0/1.7 (≤30/1.2 30/1.2) ✗ S2iir,S14r,S14l
K4b a 10/2.37 | b r 5/2 l 4/2.7 (base 37/10.3 36/8.1) | e r 0/0 l 0/0 | f 23/6.4 (≤55/7.4) | c 0.7/0.2 | w r 36/6.6 l 30/6.1 (≤33/6.8 35/5.9) ✗ S2iiil,S14r,S14l
K4c a 27/3.16 | b r 10/2.7 l 12/2.4 (base 20/6.3 19/6.4) | e r 0/0 l 0/0 | f 11/4.3 (≤47/5.3) | c 1.1/0.1 | w r 24/8 l 16/6.7 (≤33/8.6 35/7.3) ✗ S2iiir,S2iiil
S13 r 0.572 l 0.460 x S13
K1a:S2ir,S2il,S14l  K1b:S14r  K2b:S2ir,S2il  K3b:S14r,S14l  K4a:S2iir,S14r,S14l  K4b:S2iiil,S14r,S14l  K4c:S2iiir,S2iiil  S13
== 20k {"AUX":{"c0":0.3,"c1":0.8,"W0":0.7}}
K1a a 188/3.76 | b r 43/5.1 l 86/8.2 (base 22/4 6/1.4) | e r 0/0 l 0/0 | f 82/7.5 (≤168/8.5) | c -5.2/-53.9 | w r 54/9.1 l 45/11.8 (≤50/11.7 47/9.8) ✗ S2ir,S2il,S14r,S14l
K1b a 159/4.54 | b r 0/0 l 157/8.3 (base 0/0 259/9.7) | e r 0/0 l 14/4.4 | f 58/5.6 (≤122/6.6) | c -2.1/-27.0 | w r 193/17.7 l 17/2.9 (≤50/14.7 40/6.1) ✗ S14r
K2a a 47/2.57 | b r 4/0.5 l 2/0 (base 95/8 92/7.1) | e r 0/0 l 0/0 | f 51/5.1 (≤88/6.1) | c 0.1/-0.0 | w r 142/6.9 l 121/5.8 (≤41/7.9 44/6.7) ✗ S14r,S14l
K2b a 168/4.15 | b r 5/1.3 l 76/4.1 (base 1/0 20/2.9) | e r 0/0 l 0/0 | f 75/6.9 (≤158/7.9) | c -4.5/-47.3 | w r 113/11.4 l 47/7.8 (≤50/13.1 47/8.9) ✗ S2ir,S2il,S14r
K3a a 3/1.68 | b r 0/0 l 0/0 (base 69/7.3 162/7.3) | e r 0/0 l 0/0 | f 76/6.4 (≤106/7.4) | c -0.3/-0.3 | w r 92/3.8 l 3/2 (≤45/5 30/2.6) ✗ S14r
K3b a 4/1.66 | b r 0/0 l 0/0 (base 193/8.1 69/4.9) | e r 0/0 l 0/0 | f 71/6.5 (≤101/7.5) | c 0.2/0.2 | w r 21/2.1 l 59/3.1 (≤30/2 34/3.5) ✗ S14r,S14l
K4a a 0/1.25 | b r 30/1.7 l 7/0.3 (base 422/9.4 420/8.3) | e r 47/1.7 l 7/0.3 | f 20/2.8 (≤50/3.8) | c 0.1/0.0 | w r 0/1.9 l 0/1.6 (≤30/1.3 30/1.2) ✗ S2iir,S14r,S14l
K4b a 34/2.42 | b r 25/4.2 l 10/1.5 (base 167/10.2 154/8.9) | e r 0/0 l 0/0 | f 74/8.1 (≤107/9.1) | c 0.4/-0.1 | w r 161/6.5 l 140/5.8 (≤39/6.9 43/6) ✗ S2iiir,S14r,S14l
K4c a 78/3.28 | b r 50/3.5 l 58/1.9 (base 90/7.7 87/7.1) | e r 0/0 l 0/0 | f 37/5.3 (≤94/6.3) | c -0.5/-0.1 | w r 120/8.1 l 87/6.8 (≤46/8.8 47/7.4) ✗ S2iiir,S2iiil,S14r,S14l
S13 r 0.554 l 0.500 x S13
K1a:S2ir,S2il,S14r,S14l  K1b:S14r  K2a:S14r,S14l  K2b:S2ir,S2il,S14r  K3a:S14r  K3b:S14r,S14l  K4a:S2iir,S14r,S14l  K4b:S2iiir,S14r,S14l  K4c:S2iiir,S2iiil,S14r,S14l  S13
== 5k {"UPPER_RIGID_T":0.3,"AUX":{"c0":0.3,"c1":0.8,"W0":0.7}}
K1a a 88/34.57 | b r 2/5.8 l 3/2.1 (base 2/4.1 0/0) | e r 0/0 l 0/0 | f 26/6.9 (≤71/7.9) | c -17.5/-53.3 | w r 4/8.8 l 5/11.8 (≤34/11.2 35/9.7) ✗ S1,S2ir,S14l
K1b a 74/36.24 | b r 0/0 l 47/9.7 (base 0/0 67/9.4) | e r 0/0 l 1/0.4 | f 19/5.1 (≤56/6.7) | c -6.8/-26.4 | w r 4/17.5 l 1/2.5 (≤34/14.1 33/5.9) ✗ S1,S2il,S14r
K2a a 48/17.37 | b r 8/4 l 9/3.3 (base 22/7.3 21/6.5) | e r 0/0 l 0/0 | f 14/4.7 (≤46/5.7) | c -0.2/0.1 | w r 3/6.9 l 5/5.8 (≤33/7.8 35/6.7) ✗ S1
K2b a 87/32.39 | b r 0/0 l 4/3.8 (base 0/0 4/2.4) | e r 0/0 l 0/0 | f 22/6.3 (≤64/7.3) | c -14.6/-46.7 | w r 4/10.8 l 5/7.8 (≤34/12.1 35/8.7) ✗ S1,S2il
K3a a 27/9.15 | b r 0/0 l 6/2.4 (base 20/7.7 41/7.5) | e r 0/0 l 0/0 | f 22/5.9 (≤52/6.9) | c 0.2/0.1 | w r 2/3.2 l 0/1.5 (≤32/4.6 30/2.3) ✗ S1,S2iil
K3b a 32/9.71 | b r 7/5.4 l 1/1.4 (base 42/8.2 17/5) | e r 0/0 l 0/0 | f 21/6 (≤51/7) | c 0.2/0.2 | w r 0/0.9 l 0/1 (≤30/1.8 30/2.3) ✗ S1,S2iir,S2iil
K4a a 7/2.12 | b r 10/3.5 l 7/1.1 (base 93/8.9 87/7.7) | e r 14/1.5 l 3/0.4 | f 5/2.6 (≤35/3.6) | c -0.1/0.0 | w r 0/0.2 l 0/0.2 (≤30/1.2 30/1.2) ✗ S2iir,S2iil
K4b a 41/14.66 | b r 17/6 l 15/4.4 (base 37/10.3 36/8.1) | e r 0/0 l 0/0 | f 23/6.4 (≤55/7.4) | c 0.7/0.2 | w r 4/6.6 l 6/6.1 (≤33/6.8 35/5.9) ✗ S1,S2iiir,S2iiil,S14l
K4c a 59/22.71 | b r 14/5.8 l 11/5.2 (base 20/6.3 19/6.4) | e r 0/0 l 0/0 | f 11/4.3 (≤47/5.3) | c 1.1/0.1 | w r 3/8 l 5/6.7 (≤33/8.6 35/7.3) ✗ S1,S2iiir,S2iiil
S13 r 0.323 l 0.268 
K1a:S1,S2ir,S14l  K1b:S1,S2il,S14r  K2a:S1  K2b:S1,S2il  K3a:S1,S2iil  K3b:S1,S2iir,S2iil  K4a:S2iir,S2iil  K4b:S1,S2iiir,S2iiil,S14l  K4c:S1,S2iiir,S2iiil
== 20k {"UPPER_RIGID_T":0.3,"AUX":{"c0":0.3,"c1":0.8,"W0":0.7}}
K1a a 308/31.81 | b r 21/4.2 l 19/3.6 (base 22/4 6/1.4) | e r 0/0 l 0/0 | f 82/7.5 (≤168/8.5) | c -5.2/-53.9 | w r 20/9.1 l 18/11.8 (≤50/11.7 47/9.8) ✗ S1,S2ir,S14l
K1b a 255/23.87 | b r 0/0 l 194/9.4 (base 0/0 259/9.7) | e r 0/0 l 16/3.7 | f 58/5.6 (≤122/6.6) | c -2.1/-27.0 | w r 20/17.7 l 3/2.9 (≤50/14.7 40/6.1) ✗ S1,S14r
K2a a 179/14.51 | b r 49/4.7 l 34/3.6 (base 95/8 92/7.1) | e r 0/0 l 0/0 | f 51/5.1 (≤88/6.1) | c 0.1/-0.0 | w r 11/6.9 l 15/5.8 (≤41/7.9 44/6.7) ✗ S1
K2b a 299/27.41 | b r 11/2.9 l 27/4 (base 1/0 20/2.9) | e r 0/0 l 0/0 | f 75/6.9 (≤158/7.9) | c -4.5/-47.3 | w r 20/11.4 l 18/7.8 (≤50/13.1 47/8.9) ✗ S1,S2ir,S2il
K3a a 119/7.75 | b r 10/5.2 l 30/4.3 (base 69/7.3 162/7.3) | e r 0/0 l 0/0 | f 76/6.4 (≤106/7.4) | c -0.3/-0.3 | w r 13/3.6 l 0/1.9 (≤45/5 30/2.6) ✗ S1,S2iir,S2iil
K3b a 120/7.24 | b r 45/4.9 l 6/4 (base 193/8.1 69/4.9) | e r 0/0 l 0/0 | f 71/6.5 (≤101/7.5) | c 0.2/0.2 | w r 0/1.1 l 3/2.3 (≤30/2 34/3.5) ✗ S1,S2iir,S2iil
K4a a 33/2.48 | b r 53/2.5 l 28/1.9 (base 422/9.4 420/8.3) | e r 47/1.9 l 8/0.5 | f 20/2.8 (≤50/3.8) | c 0.1/0.0 | w r 0/0.3 l 0/0.2 (≤30/1.3 30/1.2) ✗ S2iir,S2iil
K4b a 155/12.01 | b r 83/6.1 l 56/5 (base 167/10.2 154/8.9) | e r 0/0 l 0/0 | f 74/8.1 (≤107/9.1) | c 0.4/-0.1 | w r 14/6.5 l 17/5.8 (≤39/6.9 43/6) ✗ S1,S2iiir,S2iiil
K4c a 235/19.13 | b r 69/6.4 l 55/5.4 (base 90/7.7 87/7.1) | e r 0/0 l 0/0 | f 37/5.3 (≤94/6.3) | c -0.5/-0.1 | w r 17/8.1 l 18/6.8 (≤46/8.8 47/7.4) ✗ S1,S2iiir,S2iiil
S13 r 0.288 l 0.271 
K1a:S1,S2ir,S14l  K1b:S1,S14r  K2a:S1  K2b:S1,S2ir,S2il  K3a:S1,S2iir,S2iil  K3b:S1,S2iir,S2iil  K4a:S2iir,S2iil  K4b:S1,S2iiir,S2iiil  K4c:S1,S2iiir,S2iiil
