[real-match-browser] running 1:geo...
[real-match-browser] 1:geo done in 203s (tick=11250, errors=0)
[real-match-browser] running 1:real...
[real-match-browser] 1:real done in 693s (tick=11253, errors=0)
[real-match-browser] running 2:geo...
[real-match-browser] 2:geo done in 171s (tick=10933, errors=0)
[real-match-browser] running 2:real...
[real-match-browser] 2:real done in 652s (tick=10933, errors=0)
[real-match-browser] running 3:geo...
[real-match-browser] 3:geo done in 209s (tick=11693, errors=0)
[real-match-browser] running 3:real...
[real-match-browser] 3:real done in 633s (tick=11693, errors=0)
{
 "pass": {
  "B2": true,
  "B3": true,
  "B4": true,
  "B5": true,
  "B6": true,
  "B7": true,
  "B8b": null,
  "B9": null,
  "B12": null,
  "H1": true,
  "rulerRead": true
 },
 "perSeed": {
  "1": {
   "b2Pass": true,
   "b3HandOk": true,
   "b3SoleOk": true,
   "b4Ok": true,
   "b5PlateOk": true,
   "b6EventsEqual": true,
   "b6SnapshotEqual": null,
   "hasLiberoSwap": true,
   "hasSubstitution": true,
   "subTick": 3276,
   "h1Geo": {
    "ok": true,
    "tick": 0,
    "entryCount": 19,
    "heightSpread": 0.24,
    "ratioMax": 0.9909801864542803,
    "ratioMin": 0.9712751631698637,
    "ratioSpread": 1.0202877866454518,
    "tallest": {
     "id": "A3",
     "height": 1.96,
     "headTopY": 1.9423211654503894
    },
    "shortest": {
     "id": "BL",
     "height": 1.72,
     "headTopY": 1.7031389819258518
    },
    "headDiff": 0.23918218352453757,
    "heightDiff": 0.24,
    "spreadOk": true,
    "ratioOk": true,
    "propOk": true
   },
   "h1Real": {
    "ok": true,
    "tick": 0,
    "entryCount": 19,
    "heightSpread": 0.24,
    "ratioMax": 0.9866696697733934,
    "ratioMin": 0.96782319115212,
    "ratioSpread": 1.019473059535635,
    "tallest": {
     "id": "A3",
     "height": 1.96,
     "headTopY": 1.9338725527558511
    },
    "shortest": {
     "id": "BL",
     "height": 1.72,
     "headTopY": 1.6957248932347269
    },
    "headDiff": 0.23814765952112427,
    "heightDiff": 0.24,
    "spreadOk": true,
    "ratioOk": true,
    "propOk": true
   }
  },
  "2": {
   "b2Pass": true,
   "b3HandOk": true,
   "b3SoleOk": true,
   "b4Ok": true,
   "b5PlateOk": true,
   "b6EventsEqual": true,
   "b6SnapshotEqual": true,
   "hasLiberoSwap": true,
   "hasSubstitution": true,
   "subTick": 3000,
   "h1Geo": {
    "ok": true,
    "tick": 0,
    "entryCount": 19,
    "heightSpread": 0.24,
    "ratioMax": 0.9909794402777238,
    "ratioMin": 0.971273510638045,
    "ratioSpread": 1.0202887543249621,
    "tallest": {
     "id": "A3",
     "height": 1.96,
     "headTopY": 1.9423197029443386
    },
    "shortest": {
     "id": "BL",
     "height": 1.72,
     "headTopY": 1.7031376985021747
    },
    "headDiff": 0.23918200444216398,
    "heightDiff": 0.24,
    "spreadOk": true,
    "ratioOk": true,
    "propOk": true
   },
   "h1Real": {
    "ok": true,
    "tick": 0,
    "entryCount": 19,
    "heightSpread": 0.24,
    "ratioMax": 0.9866698390211279,
    "ratioMin": 0.9678240356388146,
    "ratioSpread": 1.019472344856443,
    "tallest": {
     "id": "A3",
     "height": 1.96,
     "headTopY": 1.9338728844814106
    },
    "shortest": {
     "id": "BL",
     "height": 1.72,
     "headTopY": 1.6957251843408296
    },
    "headDiff": 0.23814770014058095,
    "heightDiff": 0.24,
    "spreadOk": true,
    "ratioOk": true,
    "propOk": true
   }
  },
  "3": {
   "b2Pass": true,
   "b3HandOk": true,
   "b3SoleOk": true,
   "b4Ok": true,
   "b5PlateOk": true,
   "b6EventsEqual": true,
   "b6SnapshotEqual": true,
   "hasLiberoSwap": true,
   "hasSubstitution": true,
   "subTick": 3034,
   "h1Geo": {
    "ok": true,
    "tick": 0,
    "entryCount": 19,
    "heightSpread": 0.24,
    "ratioMax": 0.9909801864542803,
    "ratioMin": 0.9712751631698637,
    "ratioSpread": 1.0202877866454518,
    "tallest": {
     "id": "A3",
     "height": 1.96,
     "headTopY": 1.9423211654503894
    },
    "shortest": {
     "id": "BL",
     "height": 1.72,
     "headTopY": 1.7031389819258518
    },
    "headDiff": 0.23918218352453757,
    "heightDiff": 0.24,
    "spreadOk": true,
    "ratioOk": true,
    "propOk": true
   },
   "h1Real": {
    "ok": true,
    "tick": 0,
    "entryCount": 19,
    "heightSpread": 0.24,
    "ratioMax": 0.9866696697733934,
    "ratioMin": 0.96782319115212,
    "ratioSpread": 1.019473059535635,
    "tallest": {
     "id": "A3",
     "height": 1.96,
     "headTopY": 1.9338725527558511
    },
    "shortest": {
     "id": "BL",
     "height": 1.72,
     "headTopY": 1.6957248932347269
    },
    "headDiff": 0.23814765952112427,
    "heightDiff": 0.24,
    "spreadOk": true,
    "ratioOk": true,
    "propOk": true
   }
  }
 },
 "b3Coverage": {
  "distinctKeys": [
   "serve",
   "receiveReady",
   "bump",
   "transitionWait",
   "setReady",
   "overhead",
   "approach3",
   "windup",
   "spikeHold",
   "spike",
   "blockJump",
   "landSoft",
   "cheer",
   "overheadJump",
   "approach4",
   "serveFloat",
   "highfive",
   "dive"
  ],
  "count": 18,
  "groupsCovered": {
   "bump": true,
   "overhead": true,
   "spike": true,
   "block": true,
   "serve": true,
   "approach": true
  },
  "allGroupsOk": true,
  "countOk": true
 },
 "colorAllOk": true,
 "b7": {
  "pass": true,
  "protectedDiffEmpty": true,
  "importersOk": true
 },
 "b8b": null,
 "b9": null
}
exit 0
