[real-match-browser] running 1:geo...
[real-match-browser] 1:geo done in 179s (tick=11255, errors=0)
[real-match-browser] running 1:real...
[real-match-browser] 1:real done in 322s (tick=11253, errors=0)
[real-match-browser] running 2:geo...
[real-match-browser] 2:geo done in 162s (tick=10933, errors=0)
[real-match-browser] running 2:real...
[real-match-browser] 2:real done in 291s (tick=10933, errors=0)
[real-match-browser] running 3:geo...
[real-match-browser] 3:geo done in 174s (tick=11693, errors=0)
[real-match-browser] running 3:real...
[real-match-browser] 3:real done in 324s (tick=11693, errors=0)
[real-match-browser] running B8(b) CPU throttle...
[real-match-browser] running B9 load-fail...
[real-match-browser] running B12 screenshots...
[real-match-browser]   B12 shot receive/desktop/geo...
[real-match-browser]   B12 shot receive/desktop/geo done in 70s (tick=4015, seq=bump)
[real-match-browser]   B12 shot receive/desktop/real...
[real-match-browser]   B12 shot receive/desktop/real done in 127s (tick=4015, seq=bump)
[real-match-browser]   B12 shot receive/portrait/geo...
[real-match-browser]   B12 shot receive/portrait/geo done in 73s (tick=4015, seq=bump)
[real-match-browser]   B12 shot receive/portrait/real...
[real-match-browser]   B12 shot receive/portrait/real done in 127s (tick=4015, seq=bump)
[real-match-browser]   B12 shot spike-hit/desktop/geo...
[real-match-browser]   B12 shot spike-hit/desktop/geo done in 71s (tick=4011, seq=spike)
[real-match-browser]   B12 shot spike-hit/desktop/real...
[real-match-browser]   B12 shot spike-hit/desktop/real done in 127s (tick=4011, seq=spike)
[real-match-browser]   B12 shot spike-hit/portrait/geo...
[real-match-browser]   B12 shot spike-hit/portrait/geo done in 75s (tick=4011, seq=spike)
[real-match-browser]   B12 shot spike-hit/portrait/real...
[real-match-browser]   B12 shot spike-hit/portrait/real done in 130s (tick=4011, seq=spike)
{
 "pass": {
  "B2": true,
  "B3": true,
  "B4": true,
  "B5": true,
  "B6": true,
  "B7": true,
  "B8b": true,
  "B9": true,
  "B12": true,
  "H1": true,
  "rulerRead": true
 },
 "perSeed": {
  "1": {
   "b2Pass": true,
   "b3HandOk": true,
   "b3SoleOk": true,
   "b4Ok": true,
   "b5PlateOk": true,
   "b6EventsEqual": true,
   "b6SnapshotEqual": null,
   "hasLiberoSwap": true,
   "hasSubstitution": true,
   "subTick": 3276,
   "h1Geo": {
    "ok": true,
    "tick": 0,
    "entryCount": 19,
    "heightSpread": 0.24,
    "ratioMax": 0.9909868839756574,
    "ratioMin": 0.9712899459606795,
    "ratioSpread": 1.020279153611022,
    "tallest": {
     "id": "A3",
     "height": 1.96,
     "headTopY": 1.9423342925922884
    },
    "shortest": {
     "id": "BL",
     "height": 1.72,
     "headTopY": 1.7031505016626203
    },
    "headDiff": 0.23918379092966813,
    "heightDiff": 0.24,
    "spreadOk": true,
    "ratioOk": true,
    "propOk": true
   },
   "h1Real": {
    "ok": true,
    "tick": 0,
    "entryCount": 19,
    "heightSpread": 0.24,
    "ratioMax": 0.9866696697733934,
    "ratioMin": 0.96782319115212,
    "ratioSpread": 1.019473059535635,
    "tallest": {
     "id": "A3",
     "height": 1.96,
     "headTopY": 1.9338725527558511
    },
    "shortest": {
     "id": "BL",
     "height": 1.72,
     "headTopY": 1.6957248932347269
    },
    "headDiff": 0.23814765952112427,
    "heightDiff": 0.24,
    "spreadOk": true,
    "ratioOk": true,
    "propOk": true
   }
  },
  "2": {
   "b2Pass": true,
   "b3HandOk": true,
   "b3SoleOk": true,
   "b4Ok": true,
   "b5PlateOk": true,
   "b6EventsEqual": true,
   "b6SnapshotEqual": true,
   "hasLiberoSwap": true,
   "hasSubstitution": true,
   "subTick": 3000,
   "h1Geo": {
    "ok": true,
    "tick": 0,
    "entryCount": 19,
    "heightSpread": 0.24,
    "ratioMax": 0.9909794402777238,
    "ratioMin": 0.971273510638045,
    "ratioSpread": 1.0202887543249621,
    "tallest": {
     "id": "A3",
     "height": 1.96,
     "headTopY": 1.9423197029443386
    },
    "shortest": {
     "id": "BL",
     "height": 1.72,
     "headTopY": 1.7031376985021747
    },
    "headDiff": 0.23918200444216398,
    "heightDiff": 0.24,
    "spreadOk": true,
    "ratioOk": true,
    "propOk": true
   },
   "h1Real": {
    "ok": true,
    "tick": 0,
    "entryCount": 19,
    "heightSpread": 0.24,
    "ratioMax": 0.9866698390211279,
    "ratioMin": 0.9678240356388146,
    "ratioSpread": 1.019472344856443,
    "tallest": {
     "id": "A3",
     "height": 1.96,
     "headTopY": 1.9338728844814106
    },
    "shortest": {
     "id": "BL",
     "height": 1.72,
     "headTopY": 1.6957251843408296
    },
    "headDiff": 0.23814770014058095,
    "heightDiff": 0.24,
    "spreadOk": true,
    "ratioOk": true,
    "propOk": true
   }
  },
  "3": {
   "b2Pass": true,
   "b3HandOk": true,
   "b3SoleOk": true,
   "b4Ok": true,
   "b5PlateOk": true,
   "b6EventsEqual": true,
   "b6SnapshotEqual": true,
   "hasLiberoSwap": true,
   "hasSubstitution": true,
   "subTick": 3034,
   "h1Geo": {
    "ok": true,
    "tick": 0,
    "entryCount": 19,
    "heightSpread": 0.24,
    "ratioMax": 0.9909794402777238,
    "ratioMin": 0.971273510638045,
    "ratioSpread": 1.0202887543249621,
    "tallest": {
     "id": "A3",
     "height": 1.96,
     "headTopY": 1.9423197029443386
    },
    "shortest": {
     "id": "BL",
     "height": 1.72,
     "headTopY": 1.7031376985021747
    },
    "headDiff": 0.23918200444216398,
    "heightDiff": 0.24,
    "spreadOk": true,
    "ratioOk": true,
    "propOk": true
   },
   "h1Real": {
    "ok": true,
    "tick": 0,
    "entryCount": 19,
    "heightSpread": 0.24,
    "ratioMax": 0.9866698390211279,
    "ratioMin": 0.9678240356388146,
    "ratioSpread": 1.019472344856443,
    "tallest": {
     "id": "A3",
     "height": 1.96,
     "headTopY": 1.9338728844814106
    },
    "shortest": {
     "id": "BL",
     "height": 1.72,
     "headTopY": 1.6957251843408296
    },
    "headDiff": 0.23814770014058095,
    "heightDiff": 0.24,
    "spreadOk": true,
    "ratioOk": true,
    "propOk": true
   }
  }
 },
 "b3Coverage": {
  "distinctKeys": [
   "serve",
   "receiveReady",
   "bump",
   "transitionWait",
   "setReady",
   "overhead",
   "approach3",
   "windup",
   "spikeHold",
   "spike",
   "blockJump",
   "landSoft",
   "cheer",
   "overheadJump",
   "approach4",
   "serveFloat",
   "highfive",
   "dive"
  ],
  "count": 18,
  "groupsCovered": {
   "bump": true,
   "overhead": true,
   "spike": true,
   "block": true,
   "serve": true,
   "approach": true
  },
  "allGroupsOk": true,
  "countOk": true
 },
 "colorAllOk": true,
 "b7": {
  "pass": true,
  "protectedDiffEmpty": true,
  "importersOk": true
 },
 "b8b": {
  "seed": 1,
  "finalTick": 3971,
  "debug": {
   "appearance": "real",
   "faces": 5000
  },
  "errors": [],
  "commonTickCount": 398,
  "visibleCountMismatches": 0,
  "appearanceStayedReal": true,
  "facesStayedDefault5k": true,
  "pass": true
 },
 "b9": {
  "seed": 1,
  "toastText": "寫實模型載入失敗，本場改用幾何球員顯示",
  "debugNow": {
   "appearance": "real",
   "realLoadFailed": true,
   "unitsAllGeo": true
  },
  "finalTick": 3971,
  "stillPlaying": true,
  "pageerrors": [],
  "consoleErrors": [
   "Failed to load resource: the server responded with a status of 404 (Not Found)",
   "[real-match] 寫實模型載入失敗，本場改用幾何球員 HttpError: fetch for \"http://127.0.0.1:5306/models/real/player_5k.glb\" responded with 404: Not Found\n    at http://127.0.0.1:5306/node_modules/.vite/deps/chunk-QDYXI724.js?v=8fb73659:23423:15"
  ],
  "toastHasSubstring": true,
  "pass": true
 }
}
exit 0
