[real-match-browser] running 1:geo...
[real-match-browser] 1:geo done in 194s (tick=11255, errors=0)
[real-match-browser] running 1:real...
[real-match-browser] 1:real done in 346s (tick=11253, errors=0)
{
 "pass": {
  "B2": true,
  "B3": true,
  "B4": true,
  "B5": true,
  "B6": true,
  "B7": true,
  "B8b": null,
  "B9": null,
  "B12": null,
  "H1": true,
  "rulerRead": true
 },
 "perSeed": {
  "1": {
   "b2Pass": true,
   "b3HandOk": true,
   "b3SoleOk": true,
   "b4Ok": true,
   "b5PlateOk": true,
   "b6EventsEqual": true,
   "b6SnapshotEqual": null,
   "hasLiberoSwap": true,
   "hasSubstitution": true,
   "subTick": 3276,
   "h1Geo": {
    "ok": true,
    "tick": 0,
    "entryCount": 19,
    "heightSpread": 0.24,
    "ratioMax": 0.9909816776191195,
    "ratioMin": 0.9712784624766996,
    "ratioSpread": 1.0202858561201675,
    "tallest": {
     "id": "A3",
     "height": 1.96,
     "headTopY": 1.9423240881334742
    },
    "shortest": {
     "id": "BL",
     "height": 1.72,
     "headTopY": 1.7031415467293756
    },
    "headDiff": 0.23918254140409867,
    "heightDiff": 0.24,
    "spreadOk": true,
    "ratioOk": true,
    "propOk": true
   },
   "h1Real": {
    "ok": true,
    "tick": 0,
    "entryCount": 19,
    "heightSpread": 0.24,
    "ratioMax": 0.9866696697733934,
    "ratioMin": 0.96782319115212,
    "ratioSpread": 1.019473059535635,
    "tallest": {
     "id": "A3",
     "height": 1.96,
     "headTopY": 1.9338725527558511
    },
    "shortest": {
     "id": "BL",
     "height": 1.72,
     "headTopY": 1.6957248932347269
    },
    "headDiff": 0.23814765952112427,
    "heightDiff": 0.24,
    "spreadOk": true,
    "ratioOk": true,
    "propOk": true
   }
  }
 },
 "b3Coverage": {
  "distinctKeys": [
   "serve",
   "receiveReady",
   "bump",
   "transitionWait",
   "setReady",
   "overhead",
   "approach3",
   "windup",
   "spikeHold",
   "spike",
   "blockJump",
   "landSoft",
   "cheer",
   "overheadJump",
   "approach4",
   "serveFloat",
   "highfive"
  ],
  "count": 17,
  "groupsCovered": {
   "bump": true,
   "overhead": true,
   "spike": true,
   "block": true,
   "serve": true,
   "approach": true
  },
  "allGroupsOk": true,
  "countOk": true
 },
 "colorAllOk": true,
 "b7": {
  "pass": true,
  "protectedDiffEmpty": true,
  "importersOk": true
 },
 "b8b": null,
 "b9": null
}
exit 0
