# direct-v8 stage 1, round 3 (2026-09-27): mutation reds. Each mutation is applied to a git-archive copy of the final tree (git write-tree 3d52616 = commit d2054ec), the named tests are run, then the touched files are copied back from a pristine backup copy and compared by sha1 ('restored True'). The control block is the unmutated copy.
# Batch script: scratchpad/run-mutations.sh; per-mutation TAP output kept in scratchpad/mut-<name>.tap (not in the repo).

=== control (unmutated copy, 10:28:47)
ok 1 - Q5 撲救下界（斜落球，往平台來）：低手時刻在低手圈外、0.3 m 時刻 d < 0.5 → 情境出手＝魚躍，按下判魚躍（等級最高普通）
ok 2 - Q5 撲救下界（斜落球，離平台去）：低手時刻在低手圈內 → 不判魚躍：按接球判低手，硬按魚躍也不是魚躍（0.3 m 時刻 d 已 > 0.5 也一樣）
ok 3 - 撲救範圍內的魚躍不看撲出後手臂到球的距離：判定那一格前臂離球 > 0.5 m 的例子也救到（守住 platformDistance 閘門已移除）
ok 4 - Q6 魚躍落點誤差總倍率 1.05：對基準誤差的比 ≈ 1.05（同一亂數）；同等級、同時機偏差下對站定低手的平均誤差比 ≈ 1.5（= 1.05 / 0.7）
ok 5 - Q2 按接球、球落撲救範圍：判沒接到（站位原因，附公分）不自動改魚躍；同一球按魚躍才是魚躍
ok 1 - R6 不隔空：R1 案例組＋追球探針的全部規則觸球，判定那一格球面到手掌／前臂表面 ≤ 0.05 m（100%）；沒按的噴球量身體任一部位表面 ≤ 0.05 m
=== mutation q5-literal (10:32:09)
applied q5-literal
not ok 1 - Q5 撲救下界（斜落球，往平台來）：低手時刻在低手圈外、0.3 m 時刻 d < 0.5 → 情境出手＝魚躍，按下判魚躍（等級最高普通）
  error: |-
ok 2 - Q5 撲救下界（斜落球，離平台去）：低手時刻在低手圈內 → 不判魚躍：按接球判低手，硬按魚躍也不是魚躍（0.3 m 時刻 d 已 > 0.5 也一樣）
--- restore
src/sim/directReceiveRules.js restored True
src/sim/directConstants.js restored True
tests/direct-pass.test.js restored True
=== mutation q5-lower-bound (10:32:52)
applied q5-lower-bound
ok 1 - Q5 撲救下界（斜落球，往平台來）：低手時刻在低手圈外、0.3 m 時刻 d < 0.5 → 情境出手＝魚躍，按下判魚躍（等級最高普通）
not ok 2 - Q5 撲救下界（斜落球，離平台去）：低手時刻在低手圈內 → 不判魚躍：按接球判低手，硬按魚躍也不是魚躍（0.3 m 時刻 d 已 > 0.5 也一樣）
  error: 'd(平台高)=0.30 d(0.3 m)=0.88 硬按魚躍仍判魚躍 → forearm:GOOD/dive → ground (0.82, 2.30)'
--- restore
src/sim/directReceiveRules.js restored True
src/sim/directConstants.js restored True
tests/direct-pass.test.js restored True
=== mutation gate (10:33:13)
applied gate
not ok 1 - 撲救範圍內的魚躍不看撲出後手臂到球的距離：判定那一格前臂離球 > 0.5 m 的例子也救到（守住 platformDistance 閘門已移除）
  error: |-
--- restore
src/sim/directReceiveRules.js restored True
src/sim/directConstants.js restored True
tests/direct-pass.test.js restored True
=== mutation q6-1.5 (10:33:36)
applied q6-1.5
not ok 1 - Q6 魚躍落點誤差總倍率 1.05：對基準誤差的比 ≈ 1.05（同一亂數）；同等級、同時機偏差下對站定低手的平均誤差比 ≈ 1.5（= 1.05 / 0.7）
  error: '魚躍對基準誤差的比值 平均 1.500、最大偏離 1.05 為 0.450'
--- restore
src/sim/directReceiveRules.js restored True
src/sim/directConstants.js restored True
tests/direct-pass.test.js restored True
=== mutation q2-auto-dive (10:35:47)
applied q2-auto-dive
not ok 1 - Q2 按接球、球落撲救範圍：判沒接到（站位原因，附公分）不自動改魚躍；同一球按魚躍才是魚躍
  error: 'd=1.00 按接球 → forearm:GOOD/dive → ground (0.11, 2.33)（應為沒接到）'
--- restore
src/sim/directReceiveRules.js restored True
src/sim/directConstants.js restored True
tests/direct-pass.test.js restored True
=== mutation r6-pressed-body (10:36:01)
applied r6-pressed-body
not ok 1 - R6 不隔空：R1 案例組＋追球探針的全部規則觸球，判定那一格球面到手掌／前臂表面 ≤ 0.05 m（100%）；沒按的噴球量身體任一部位表面 ≤ 0.05 m
  error: |-
--- restore
src/sim/directReceiveRules.js restored True
src/sim/directConstants.js restored True
tests/direct-pass.test.js restored True
=== mutation a14-whole-action (10:39:47)
applied a14-whole-action
ok 1 - A5 含 passType 的錄影整卷重播與逐 tick 還原逐位元相同，direct-v6 拒絕
not ok 2 - A14 到位球：少碰網、落在舉球區、弧頂夠高
  error: 'A14b set zone 0.48 (n=345)'
ok 3 - A16 邊移動邊接：觸球時仍在移動，不以碰網為主
not ok 4 - A16b 邊移動邊接（放開搖桿減速中觸球）：碰網 ≤ 10%，舉球區 ≥ 50%
  error: 'A16b moving set zone 0.48 (n=472)'
--- restore
src/sim/directReceiveRules.js restored True
src/sim/directConstants.js restored True
tests/direct-pass.test.js restored True
=== done 10:40:41

# ---- appendix: mutation definitions (scratchpad/mutate.py) ----
# # Apply one named mutation to a git-archive copy of the tree (never the real
# # worktree). Restore = copy the pristine file back from the backup copy and
# # compare sha1 (no reverse sed). Usage: python mutate.py <copy root> <name> | restore
# import sys, shutil, hashlib, pathlib
# root = pathlib.Path(sys.argv[1]); name = sys.argv[2]
# RULES = root / 'src/sim/directReceiveRules.js'
# CONST = root / 'src/sim/directConstants.js'
# PASS = root / 'tests/direct-pass.test.js'
# BACKUP = root.parent / (root.name + '-backup')
# sha = lambda p: hashlib.sha1(p.read_bytes()).hexdigest()
# 
# def patch(path, old, new):
#     s = path.read_text(encoding='utf-8')
#     assert s.count(old) == 1, f'{path}: pattern count {s.count(old)}'
#     path.write_text(s.replace(old, new), encoding='utf-8')
# 
# if name == 'restore':
#     for rel in ['src/sim/directReceiveRules.js', 'src/sim/directConstants.js', 'tests/direct-pass.test.js']:
#         shutil.copyfile(BACKUP / rel, root / rel)
#         print(rel, 'restored', sha(root / rel) == sha(BACKUP / rel))
#     sys.exit(0)
# 
# if name == 'q5-lower-bound':  # any dive press takes the dive judgement (lower bound gone)
#     patch(RULES, "if (p.action === 'dive' && p.diveTarget?.stage === 'dive') return", "if (p.action === 'dive' && p.diveTarget) return")
# elif name == 'q5-literal':  # the frozen text read literally: lower bound = d(0.3 m) > 0.5 (a slanted ball coming in is refused)
#     patch(RULES, "if (reach && reach.d <= reach.radius) return { stage: 'dive', technique: 'dive', ...reach };", "if (reach && reach.d > underRadius(s) && reach.d <= reach.radius) return { stage: 'dive', technique: 'dive', ...reach };")
# elif name == 'gate':  # re-add the old platformDistance gate to judgeDive
#     patch(RULES, "  const d = target.d, radius = target.radius;\n", "  const d = Math.max(target.d, platformDistance(pose, b)), radius = target.radius;\n")
#     patch(RULES, "function judgeDive(s, pose) {", """function platformDistance(pose, b) {
#   let best = Infinity;
#   for (const q of pose) {
#     if (q.part !== 'forearm') continue;
#     const dx = q.b.x - q.a.x, dz = q.b.z - q.a.z, l2 = dx * dx + dz * dz;
#     const u = l2 > 1e-12 ? Math.max(0, Math.min(1, ((b.x - q.a.x) * dx + (b.z - q.a.z) * dz) / l2)) : 0;
#     best = Math.min(best, Math.hypot(b.x - (q.a.x + dx * u), b.z - (q.a.z + dz * u)));
#   }
#   return best > A.underRadius ? Infinity : 0;
# }
# function judgeDive(s, pose) {""")
# elif name == 'q6-1.5':  # dive multiplier back to 1.5
#     patch(CONST, "diveErrorMultiplier: 1.05,", "diveErrorMultiplier: 1.5,")
# elif name == 'q2-auto-dive':  # a receive press at a ball in the band is upgraded to a dive
#     patch(RULES, "  const d = Math.hypot(b.x - point.x, b.z - point.z);\n  if (d > radius) return null;\n  const speed = Math.hypot(b.vx, b.vy, b.vz), k = windowScale(speed);\n  const offset = receiveOffset(s);",
#           "  const d = Math.hypot(b.x - point.x, b.z - point.z);\n  const speed = Math.hypot(b.vx, b.vy, b.vz), k = windowScale(speed);\n  const offset = receiveOffset(s);\n  if (d > radius && technique === 'underhand' && offset !== null && d <= radius + R.diveReach) return pass(s, pose, { technique: 'dive', tier: 'GOOD', offset, ratio: d / (radius + R.diveReach), speed });\n  if (d > radius) return null;")
# elif name == 'r6-pressed-body':  # pressed touches also snap to any body part
#     patch(RULES, "  const snapped = snapToBody(s, pose);\n  const bodySpeed", "  const snapped = snapToBody(s, pose, null);\n  const bodySpeed")
#     patch(RULES, "snapToBody(s, pose, timing === 'none' ? null : ARMS)", "snapToBody(s, pose, null)")
# elif name == 'a14-whole-action':  # denominator back to the whole action period (b06df69's test file)
#     import subprocess
#     old = subprocess.run(['git', '-C', sys.argv[3], 'show', 'b06df69:tests/direct-pass.test.js'], capture_output=True, check=True).stdout
#     PASS.write_bytes(old)
# else:
#     raise SystemExit('unknown mutation ' + name)
# print('applied', name)
