### 正式 base 20k
$ node tools/real-skin-arm-follow.mjs --faces=20k
權重來源：computed（此版 src 無 weightsSource 欄位）
| 臂 | 取帶頂點數 | 軀幹權重平均 | 中位數 | 最大 | 取帶頂點指紋 | 判定（平均 ≤0.500） |
| 右 | 120 | 0.090 | 0.000 | 1.000 | 8276ad99dbec | 過 |
| 左 | 127 | 0.032 | 0.000 | 1.000 | 6421776fe9b3 | 過 |
- 判定：綠（兩臂皆 ≤0.50）
### 突變 shoulder（lock）base 20k
Error: 右臂取帶頂點集合指紋 456bf1fc1d9f ≠ 鎖定值 8276ad99dbec（取帶常數或地標被改動），停止
exit=1
### 突變 shoulder（nolock）base 20k
| 臂 | 取帶頂點數 | 軀幹權重平均 | 中位數 | 最大 | 取帶頂點指紋 | 判定（平均 ≤0.500） |
| 右 | 71 | 0.239 | 0.000 | 1.000 | 456bf1fc1d9f | 過 |
| 左 | 76 | 0.270 | 0.056 | 1.000 | 92056e7cfa98 | 過 |
- 判定：綠（兩臂皆 ≤0.50）
exit=0
### 突變 elbow（lock）base 20k
Error: 右臂取帶頂點集合指紋 1eddb41711b6 ≠ 鎖定值 8276ad99dbec（取帶常數或地標被改動），停止
exit=1
### 突變 elbow（nolock）base 20k
| 臂 | 取帶頂點數 | 軀幹權重平均 | 中位數 | 最大 | 取帶頂點指紋 | 判定（平均 ≤0.500） |
| 右 | 39 | 0.000 | 0.000 | 0.000 | 1eddb41711b6 | 過 |
| 左 | 40 | 0.000 | 0.000 | 0.000 | df538abbbd61 | 過 |
- 判定：綠（兩臂皆 ≤0.50）
exit=0
### 正式 base 5k
$ node tools/real-skin-arm-follow.mjs --faces=5k
權重來源：computed（此版 src 無 weightsSource 欄位）
| 臂 | 取帶頂點數 | 軀幹權重平均 | 中位數 | 最大 | 取帶頂點指紋 | 判定（平均 ≤0.500） |
| 右 | 27 | 0.077 | 0.000 | 1.000 | 57f7364f1670 | 過 |
| 左 | 31 | 0.006 | 0.000 | 0.174 | 5ca795d158c2 | 過 |
- 判定：綠（兩臂皆 ≤0.50）
### 突變 shoulder（lock）base 5k
Error: 右臂取帶頂點集合指紋 fe9af98ebe0d ≠ 鎖定值 57f7364f1670（取帶常數或地標被改動），停止
exit=1
### 突變 shoulder（nolock）base 5k
| 臂 | 取帶頂點數 | 軀幹權重平均 | 中位數 | 最大 | 取帶頂點指紋 | 判定（平均 ≤0.500） |
| 右 | 17 | 0.207 | 0.000 | 1.000 | fe9af98ebe0d | 過 |
| 左 | 19 | 0.300 | 0.000 | 1.000 | 744b76a5bcaf | 過 |
- 判定：綠（兩臂皆 ≤0.50）
exit=0
### 突變 elbow（lock）base 5k
Error: 右臂取帶頂點集合指紋 9ca25669b4e3 ≠ 鎖定值 57f7364f1670（取帶常數或地標被改動），停止
exit=1
### 突變 elbow（nolock）base 5k
| 臂 | 取帶頂點數 | 軀幹權重平均 | 中位數 | 最大 | 取帶頂點指紋 | 判定（平均 ≤0.500） |
| 右 | 11 | 0.000 | 0.000 | 0.000 | 9ca25669b4e3 | 過 |
| 左 | 10 | 0.000 | 0.000 | 0.000 | c9f9c8700fb3 | 過 |
- 判定：綠（兩臂皆 ≤0.50）
exit=0
### 正式 L 20k
$ node tools/real-skin-arm-follow.mjs --faces=20k
權重來源：baked
| 臂 | 取帶頂點數 | 軀幹權重平均 | 中位數 | 最大 | 取帶頂點指紋 | 判定（平均 ≤0.500） |
| 右 | 120 | 0.886 | 0.859 | 1.000 | 8276ad99dbec | 不過 |
| 左 | 127 | 0.850 | 0.835 | 1.000 | 6421776fe9b3 | 不過 |
- 判定：紅
### 突變 shoulder（lock）L 20k
Error: 右臂取帶頂點集合指紋 456bf1fc1d9f ≠ 鎖定值 8276ad99dbec（取帶常數或地標被改動），停止
exit=1
### 突變 shoulder（nolock）L 20k
| 臂 | 取帶頂點數 | 軀幹權重平均 | 中位數 | 最大 | 取帶頂點指紋 | 判定（平均 ≤0.500） |
| 右 | 71 | 0.940 | 0.960 | 1.000 | 456bf1fc1d9f | 不過 |
| 左 | 76 | 0.940 | 0.964 | 1.000 | 92056e7cfa98 | 不過 |
- 判定：紅
exit=0
### 突變 elbow（lock）L 20k
Error: 右臂取帶頂點集合指紋 1eddb41711b6 ≠ 鎖定值 8276ad99dbec（取帶常數或地標被改動），停止
exit=1
### 突變 elbow（nolock）L 20k
| 臂 | 取帶頂點數 | 軀幹權重平均 | 中位數 | 最大 | 取帶頂點指紋 | 判定（平均 ≤0.500） |
| 右 | 39 | 0.653 | 0.656 | 0.688 | 1eddb41711b6 | 不過 |
| 左 | 40 | 0.638 | 0.642 | 0.677 | df538abbbd61 | 不過 |
- 判定：紅
exit=0
### 正式 L 5k
$ node tools/real-skin-arm-follow.mjs --faces=5k
權重來源：baked
| 臂 | 取帶頂點數 | 軀幹權重平均 | 中位數 | 最大 | 取帶頂點指紋 | 判定（平均 ≤0.500） |
| 右 | 27 | 0.893 | 0.911 | 1.000 | 57f7364f1670 | 不過 |
| 左 | 31 | 0.827 | 0.812 | 0.985 | 5ca795d158c2 | 不過 |
- 判定：紅
### 突變 shoulder（lock）L 5k
Error: 右臂取帶頂點集合指紋 fe9af98ebe0d ≠ 鎖定值 57f7364f1670（取帶常數或地標被改動），停止
exit=1
### 突變 shoulder（nolock）L 5k
| 臂 | 取帶頂點數 | 軀幹權重平均 | 中位數 | 最大 | 取帶頂點指紋 | 判定（平均 ≤0.500） |
| 右 | 17 | 0.944 | 0.948 | 1.000 | fe9af98ebe0d | 不過 |
| 左 | 19 | 0.944 | 0.965 | 1.000 | 744b76a5bcaf | 不過 |
- 判定：紅
exit=0
### 突變 elbow（lock）L 5k
Error: 右臂取帶頂點集合指紋 9ca25669b4e3 ≠ 鎖定值 57f7364f1670（取帶常數或地標被改動），停止
exit=1
### 突變 elbow（nolock）L 5k
| 臂 | 取帶頂點數 | 軀幹權重平均 | 中位數 | 最大 | 取帶頂點指紋 | 判定（平均 ≤0.500） |
| 右 | 11 | 0.642 | 0.638 | 0.681 | 9ca25669b4e3 | 不過 |
| 左 | 10 | 0.650 | 0.653 | 0.690 | c9f9c8700fb3 | 不過 |
- 判定：紅
exit=0
### 正式 H 20k
$ node tools/real-skin-arm-follow.mjs --faces=20k
權重來源：baked
| 臂 | 取帶頂點數 | 軀幹權重平均 | 中位數 | 最大 | 取帶頂點指紋 | 判定（平均 ≤0.500） |
| 右 | 120 | 0.416 | 0.320 | 1.000 | 8276ad99dbec | 過 |
| 左 | 127 | 0.314 | 0.257 | 1.000 | 6421776fe9b3 | 過 |
- 判定：綠（兩臂皆 ≤0.50）
### 突變 shoulder（lock）H 20k
Error: 右臂取帶頂點集合指紋 456bf1fc1d9f ≠ 鎖定值 8276ad99dbec（取帶常數或地標被改動），停止
exit=1
### 突變 shoulder（nolock）H 20k
| 臂 | 取帶頂點數 | 軀幹權重平均 | 中位數 | 最大 | 取帶頂點指紋 | 判定（平均 ≤0.500） |
| 右 | 71 | 0.582 | 0.533 | 1.000 | 456bf1fc1d9f | 不過 |
| 左 | 76 | 0.612 | 0.591 | 1.000 | 92056e7cfa98 | 不過 |
- 判定：紅
exit=0
### 突變 elbow（lock）H 20k
Error: 右臂取帶頂點集合指紋 1eddb41711b6 ≠ 鎖定值 8276ad99dbec（取帶常數或地標被改動），停止
exit=1
### 突變 elbow（nolock）H 20k
| 臂 | 取帶頂點數 | 軀幹權重平均 | 中位數 | 最大 | 取帶頂點指紋 | 判定（平均 ≤0.500） |
| 右 | 39 | 0.039 | 0.036 | 0.071 | 1eddb41711b6 | 過 |
| 左 | 40 | 0.034 | 0.030 | 0.068 | df538abbbd61 | 過 |
- 判定：綠（兩臂皆 ≤0.50）
exit=0
### 正式 H 5k
$ node tools/real-skin-arm-follow.mjs --faces=5k
權重來源：baked
| 臂 | 取帶頂點數 | 軀幹權重平均 | 中位數 | 最大 | 取帶頂點指紋 | 判定（平均 ≤0.500） |
| 右 | 27 | 0.413 | 0.316 | 1.000 | 57f7364f1670 | 過 |
| 左 | 31 | 0.261 | 0.209 | 0.876 | 5ca795d158c2 | 過 |
- 判定：綠（兩臂皆 ≤0.50）
### 突變 shoulder（lock）H 5k
Error: 右臂取帶頂點集合指紋 fe9af98ebe0d ≠ 鎖定值 57f7364f1670（取帶常數或地標被改動），停止
exit=1
### 突變 shoulder（nolock）H 5k
| 臂 | 取帶頂點數 | 軀幹權重平均 | 中位數 | 最大 | 取帶頂點指紋 | 判定（平均 ≤0.500） |
| 右 | 17 | 0.555 | 0.495 | 1.000 | fe9af98ebe0d | 不過 |
| 左 | 19 | 0.653 | 0.679 | 1.000 | 744b76a5bcaf | 不過 |
- 判定：紅
exit=0
### 突變 elbow（lock）H 5k
Error: 右臂取帶頂點集合指紋 9ca25669b4e3 ≠ 鎖定值 57f7364f1670（取帶常數或地標被改動），停止
exit=1
### 突變 elbow（nolock）H 5k
| 臂 | 取帶頂點數 | 軀幹權重平均 | 中位數 | 最大 | 取帶頂點指紋 | 判定（平均 ≤0.500） |
| 右 | 11 | 0.038 | 0.037 | 0.056 | 9ca25669b4e3 | 過 |
| 左 | 10 | 0.043 | 0.044 | 0.082 | c9f9c8700fb3 | 過 |
- 判定：綠（兩臂皆 ≤0.50）
exit=0
