### L_lowc 20k {"HEAT_C_ARM":0.03,"HAND_KEEP":false}
K1a a 12/1.86 | b r 4/1.3 l 0/0 (base 22/4 6/1.4) | e r 0/0 l 0/0 | f 82/7.5 (≤168/8.5) | c -5.2/-53.9 
K1b a 14/1.90 | b r 0/0 l 72/4.1 (base 0/0 259/9.7) | e r 0/0 l 48/4.1 | f 58/5.6 (≤122/6.6) | c -2.1/-27.0 
K2a a 1/1.23 | b r 0/0 l 0/0 (base 95/8 92/7.1) | e r 0/0 l 0/0 | f 51/5.1 (≤88/6.1) | c 0.1/-0.0 
K2b a 6/1.77 | b r 0/0 l 0/0 (base 1/0 20/2.9) | e r 0/0 l 0/0 | f 75/6.9 (≤158/7.9) | c -4.5/-47.3 
K3a a 0/1.13 | b r 0/0 l 0/0 (base 69/7.3 162/7.3) | e r 0/0 l 0/0 | f 76/6.4 (≤106/7.4) | c -0.3/-0.3 
K3b a 0/1.16 | b r 0/0 l 0/0 (base 193/8.1 69/4.9) | e r 0/0 l 0/0 | f 71/6.5 (≤101/7.5) | c 0.2/0.2 
K4a a 0/1.07 | b r 0/0 l 0/0 (base 422/9.4 420/8.3) | e r 0/0 l 0/0 | f 20/2.8 (≤50/3.8) | c 0.1/0.0 
K4b a 1/1.30 | b r 0/0 l 0/0 (base 167/10.2 154/8.9) | e r 0/0 l 0/0 | f 74/8.1 (≤107/9.1) | c 0.4/-0.1 
K4c a 5/1.65 | b r 0/0 l 0/0 (base 90/7.7 87/7.1) | e r 0/0 l 0/0 | f 37/5.3 (≤94/6.3) | c -0.5/-0.1 

### L_lowc 5k {"HEAT_C_ARM":0.03,"HAND_KEEP":false}
K1a a 2/1.71 | b r 0/0 l 0/0 (base 2/4.1 0/0) | e r 0/0 l 0/0 | f 26/6.9 (≤71/7.9) | c -17.5/-53.3 
K1b a 2/1.84 | b r 0/0 l 14/3 (base 0/0 67/9.4) | e r 0/0 l 6/3 | f 19/5.1 (≤56/6.7) | c -6.8/-26.4 
K2a a 0/1.26 | b r 0/0 l 0/0 (base 22/7.3 21/6.5) | e r 0/0 l 0/0 | f 14/4.7 (≤46/5.7) | c -0.2/0.1 
K2b a 0/1.65 | b r 0/0 l 0/0 (base 0/0 4/2.4) | e r 0/0 l 0/0 | f 22/6.3 (≤64/7.3) | c -14.6/-46.7 
K3a a 0/1.16 | b r 0/0 l 0/0 (base 20/7.7 41/7.5) | e r 0/0 l 0/0 | f 22/5.9 (≤52/6.9) | c 0.2/0.1 
K3b a 0/1.15 | b r 0/0 l 0/0 (base 42/8.2 17/5) | e r 0/0 l 0/0 | f 21/6 (≤51/7) | c 0.2/0.2 
K4a a 0/1.07 | b r 0/0 l 0/0 (base 93/8.9 87/7.7) | e r 0/0 l 0/0 | f 5/2.6 (≤35/3.6) | c -0.1/0.0 
K4b a 0/1.28 | b r 0/0 l 0/0 (base 37/10.3 36/8.1) | e r 0/0 l 0/0 | f 23/6.4 (≤55/7.4) | c 0.7/0.2 
K4c a 0/1.40 | b r 0/0 l 0/0 (base 20/6.3 19/6.4) | e r 0/0 l 0/0 | f 11/4.3 (≤47/5.3) | c 1.1/0.1 

### L_lowc_handkeep 20k {"HEAT_C_ARM":0.03}
K1a a 15/1.94 | b r 1/1.3 l 15/1.2 (base 22/4 6/1.4) | e r 0/0 l 0/0 | f 82/7.5 (≤168/8.5) | c -5.2/-53.9 ✗ S2il
K1b a 19/2.04 | b r 0/0 l 85/5.1 (base 0/0 259/9.7) | e r 0/0 l 37/5.1 | f 58/5.6 (≤122/6.6) | c -2.1/-27.0 
K2a a 0/1.32 | b r 0/0 l 0/0 (base 95/8 92/7.1) | e r 0/0 l 0/0 | f 51/5.1 (≤88/6.1) | c 0.1/-0.0 
K2b a 15/1.95 | b r 0/0 l 0/0 (base 1/0 20/2.9) | e r 0/0 l 0/0 | f 75/6.9 (≤158/7.9) | c -4.5/-47.3 
K3a a 0/1.21 | b r 0/0 l 0/0 (base 69/7.3 162/7.3) | e r 0/0 l 0/0 | f 76/6.4 (≤106/7.4) | c -0.3/-0.3 
K3b a 0/1.21 | b r 0/0 l 0/0 (base 193/8.1 69/4.9) | e r 0/0 l 0/0 | f 71/6.5 (≤101/7.5) | c 0.2/0.2 
K4a a 0/1.09 | b r 0/0 l 0/0 (base 422/9.4 420/8.3) | e r 19/1.1 l 0/0 | f 20/2.8 (≤50/3.8) | c 0.1/0.0 ✗ S3r
K4b a 0/1.37 | b r 0/0 l 0/0 (base 167/10.2 154/8.9) | e r 0/0 l 0/0 | f 74/8.1 (≤107/9.1) | c 0.4/-0.1 
K4c a 6/1.78 | b r 0/0 l 0/0 (base 90/7.7 87/7.1) | e r 0/0 l 0/0 | f 37/5.3 (≤94/6.3) | c -0.5/-0.1 
K1a:S2il  K4a:S3r
### L_lowc_handkeep 5k {"HEAT_C_ARM":0.03}
K1a a 1/1.76 | b r 0/0 l 10/1.4 (base 2/4.1 0/0) | e r 0/0 l 0/0 | f 26/6.9 (≤71/7.9) | c -17.5/-53.3 ✗ S2il
K1b a 3/1.83 | b r 0/0 l 23/4.5 (base 0/0 67/9.4) | e r 0/0 l 3/3.4 | f 19/5.1 (≤56/6.7) | c -6.8/-26.4 
K2a a 0/1.19 | b r 0/0 l 0/0 (base 22/7.3 21/6.5) | e r 0/0 l 0/0 | f 14/4.7 (≤46/5.7) | c -0.2/0.1 
K2b a 2/1.70 | b r 0/0 l 0/0 (base 0/0 4/2.4) | e r 0/0 l 0/0 | f 22/6.3 (≤64/7.3) | c -14.6/-46.7 
K3a a 0/1.17 | b r 0/0 l 0/0 (base 20/7.7 41/7.5) | e r 0/0 l 0/0 | f 22/5.9 (≤52/6.9) | c 0.2/0.1 
K3b a 0/1.20 | b r 0/0 l 0/0 (base 42/8.2 17/5) | e r 0/0 l 0/0 | f 21/6 (≤51/7) | c 0.2/0.2 
K4a a 0/1.06 | b r 0/0 l 0/0 (base 93/8.9 87/7.7) | e r 8/1.3 l 0/0 | f 5/2.6 (≤35/3.6) | c -0.1/0.0 ✗ S3r
K4b a 0/1.23 | b r 0/0 l 0/0 (base 37/10.3 36/8.1) | e r 0/0 l 0/0 | f 23/6.4 (≤55/7.4) | c 0.7/0.2 
K4c a 0/1.40 | b r 0/0 l 0/0 (base 20/6.3 19/6.4) | e r 0/0 l 0/0 | f 11/4.3 (≤47/5.3) | c 1.1/0.1 
K1a:S2il  K4a:S3r
### c01 20k {"HEAT_C_ARM":0.1}
K1a a 34/2.35 | b r 1/1.3 l 30/1.7 (base 22/4 6/1.4) | e r 0/0 l 0/0 | f 82/7.5 (≤168/8.5) | c -5.2/-53.9 ✗ S1,S2il
K1b a 47/2.36 | b r 0/0 l 71/5.2 (base 0/0 259/9.7) | e r 0/0 l 22/3.9 | f 58/5.6 (≤122/6.6) | c -2.1/-27.0 ✗ S1
K2a a 1/1.52 | b r 0/0 l 0/0 (base 95/8 92/7.1) | e r 0/0 l 0/0 | f 51/5.1 (≤88/6.1) | c 0.1/-0.0 
K2b a 40/2.32 | b r 0/0 l 0/0 (base 1/0 20/2.9) | e r 0/0 l 0/0 | f 75/6.9 (≤158/7.9) | c -4.5/-47.3 ✗ S1
K3a a 0/1.30 | b r 0/0 l 0/0 (base 69/7.3 162/7.3) | e r 0/0 l 0/0 | f 76/6.4 (≤106/7.4) | c -0.3/-0.3 
K3b a 0/1.26 | b r 0/0 l 0/0 (base 193/8.1 69/4.9) | e r 0/0 l 0/0 | f 71/6.5 (≤101/7.5) | c 0.2/0.2 
K4a a 0/1.11 | b r 0/0 l 0/0 (base 422/9.4 420/8.3) | e r 19/1.1 l 0/0 | f 20/2.8 (≤50/3.8) | c 0.1/0.0 ✗ S3r
K4b a 1/1.51 | b r 0/0 l 0/0 (base 167/10.2 154/8.9) | e r 0/0 l 0/0 | f 74/8.1 (≤107/9.1) | c 0.4/-0.1 
K4c a 18/2.02 | b r 0/0 l 0/0 (base 90/7.7 87/7.1) | e r 0/0 l 0/0 | f 37/5.3 (≤94/6.3) | c -0.5/-0.1 
K1a:S1,S2il  K1b:S1  K2b:S1  K4a:S3r
### c01 5k {"HEAT_C_ARM":0.1}
K1a a 6/2.11 | b r 0/0 l 6/2.8 (base 2/4.1 0/0) | e r 0/0 l 0/0 | f 26/6.9 (≤71/7.9) | c -17.5/-53.3 ✗ S2il
K1b a 13/2.32 | b r 0/0 l 20/4.1 (base 0/0 67/9.4) | e r 0/0 l 3/2.1 | f 19/5.1 (≤56/6.7) | c -6.8/-26.4 
K2a a 0/1.57 | b r 0/0 l 0/0 (base 22/7.3 21/6.5) | e r 0/0 l 0/0 | f 14/4.7 (≤46/5.7) | c -0.2/0.1 
K2b a 8/2.27 | b r 0/0 l 0/0 (base 0/0 4/2.4) | e r 0/0 l 0/0 | f 22/6.3 (≤64/7.3) | c -14.6/-46.7 
K3a a 0/1.27 | b r 0/0 l 0/0 (base 20/7.7 41/7.5) | e r 0/0 l 0/0 | f 22/5.9 (≤52/6.9) | c 0.2/0.1 
K3b a 0/1.29 | b r 0/0 l 0/0 (base 42/8.2 17/5) | e r 0/0 l 0/0 | f 21/6 (≤51/7) | c 0.2/0.2 
K4a a 0/1.10 | b r 0/0 l 0/0 (base 93/8.9 87/7.7) | e r 8/1.3 l 0/0 | f 5/2.6 (≤35/3.6) | c -0.1/0.0 ✗ S3r
K4b a 0/1.46 | b r 0/0 l 0/0 (base 37/10.3 36/8.1) | e r 0/0 l 0/0 | f 23/6.4 (≤55/7.4) | c 0.7/0.2 
K4c a 1/1.86 | b r 0/0 l 0/0 (base 20/6.3 19/6.4) | e r 0/0 l 0/0 | f 11/4.3 (≤47/5.3) | c 1.1/0.1 
K1a:S2il  K4a:S3r
### c03 20k {"HEAT_C_ARM":0.3}
K1a a 111/3.15 | b r 1/1.3 l 41/3.2 (base 22/4 6/1.4) | e r 0/0 l 0/0 | f 82/7.5 (≤168/8.5) | c -5.2/-53.9 ✗ S1,S2il
K1b a 114/3.45 | b r 0/0 l 108/6.2 (base 0/0 259/9.7) | e r 0/0 l 23/3.6 | f 58/5.6 (≤122/6.6) | c -2.1/-27.0 ✗ S1
K2a a 8/1.93 | b r 0/0 l 0/0 (base 95/8 92/7.1) | e r 0/0 l 0/0 | f 51/5.1 (≤88/6.1) | c 0.1/-0.0 
K2b a 114/3.00 | b r 0/0 l 0/0 (base 1/0 20/2.9) | e r 0/0 l 0/0 | f 75/6.9 (≤158/7.9) | c -4.5/-47.3 ✗ S1
K3a a 0/1.39 | b r 0/0 l 0/0 (base 69/7.3 162/7.3) | e r 0/0 l 0/0 | f 76/6.4 (≤106/7.4) | c -0.3/-0.3 
K3b a 0/1.42 | b r 0/0 l 0/0 (base 193/8.1 69/4.9) | e r 0/0 l 0/0 | f 71/6.5 (≤101/7.5) | c 0.2/0.2 
K4a a 0/1.17 | b r 0/0 l 0/0 (base 422/9.4 420/8.3) | e r 19/1.1 l 0/0 | f 20/2.8 (≤50/3.8) | c 0.1/0.0 ✗ S3r
K4b a 9/1.80 | b r 0/0 l 0/0 (base 167/10.2 154/8.9) | e r 0/0 l 0/0 | f 74/8.1 (≤107/9.1) | c 0.4/-0.1 
K4c a 52/2.39 | b r 0/0 l 0/0 (base 90/7.7 87/7.1) | e r 0/0 l 0/0 | f 37/5.3 (≤94/6.3) | c -0.5/-0.1 ✗ S1
K1a:S1,S2il  K1b:S1  K2b:S1  K4a:S3r  K4c:S1
### c03 5k {"HEAT_C_ARM":0.3}
K1a a 40/3.22 | b r 0/0 l 7/4.2 (base 2/4.1 0/0) | e r 0/0 l 0/0 | f 26/6.9 (≤71/7.9) | c -17.5/-53.3 ✗ S1,S2il
K1b a 30/3.66 | b r 0/0 l 29/6.5 (base 0/0 67/9.4) | e r 0/0 l 1/1.1 | f 19/5.1 (≤56/6.7) | c -6.8/-26.4 ✗ S1
K2a a 6/2.27 | b r 0/0 l 0/0 (base 22/7.3 21/6.5) | e r 0/0 l 0/0 | f 14/4.7 (≤46/5.7) | c -0.2/0.1 
K2b a 37/3.48 | b r 0/0 l 1/0.5 (base 0/0 4/2.4) | e r 0/0 l 0/0 | f 22/6.3 (≤64/7.3) | c -14.6/-46.7 ✗ S1
K3a a 0/1.55 | b r 0/0 l 0/0 (base 20/7.7 41/7.5) | e r 0/0 l 0/0 | f 22/5.9 (≤52/6.9) | c 0.2/0.1 
K3b a 0/1.43 | b r 0/0 l 0/0 (base 42/8.2 17/5) | e r 0/0 l 0/0 | f 21/6 (≤51/7) | c 0.2/0.2 
K4a a 0/1.16 | b r 0/0 l 0/0 (base 93/8.9 87/7.7) | e r 8/1.3 l 0/0 | f 5/2.6 (≤35/3.6) | c -0.1/0.0 ✗ S3r
K4b a 4/1.96 | b r 0/0 l 0/0 (base 37/10.3 36/8.1) | e r 0/0 l 0/0 | f 23/6.4 (≤55/7.4) | c 0.7/0.2 
K4c a 12/2.75 | b r 0/0 l 0/0 (base 20/6.3 19/6.4) | e r 0/0 l 0/0 | f 11/4.3 (≤47/5.3) | c 1.1/0.1 ✗ S1
K1a:S1,S2il  K1b:S1  K2b:S1  K4a:S3r  K4c:S1
### ramp_03_07 20k {"HEAT_C_ARM":0.03,"HEAT_C_ARM_T":[0.3,0.7]}
K1a a 105/3.21 | b r 1/1.3 l 32/3.3 (base 22/4 6/1.4) | e r 0/0 l 0/0 | f 82/7.5 (≤168/8.5) | c -5.2/-53.9 ✗ S1,S2il
K1b a 108/3.29 | b r 0/0 l 94/6.6 (base 0/0 259/9.7) | e r 0/0 l 23/4.4 | f 58/5.6 (≤122/6.6) | c -2.1/-27.0 ✗ S1
K2a a 14/1.96 | b r 0/0 l 0/0 (base 95/8 92/7.1) | e r 0/0 l 0/0 | f 51/5.1 (≤88/6.1) | c 0.1/-0.0 
K2b a 102/3.04 | b r 0/0 l 0/0 (base 1/0 20/2.9) | e r 0/0 l 0/0 | f 75/6.9 (≤158/7.9) | c -4.5/-47.3 ✗ S1
K3a a 0/1.41 | b r 0/0 l 0/0 (base 69/7.3 162/7.3) | e r 0/0 l 0/0 | f 76/6.4 (≤106/7.4) | c -0.3/-0.3 
K3b a 0/1.42 | b r 0/0 l 0/0 (base 193/8.1 69/4.9) | e r 0/0 l 0/0 | f 71/6.5 (≤101/7.5) | c 0.2/0.2 
K4a a 0/1.14 | b r 3/0.2 l 0/0 (base 422/9.4 420/8.3) | e r 23/1.1 l 0/0 | f 20/2.8 (≤50/3.8) | c 0.1/0.0 ✗ S3r
K4b a 9/1.80 | b r 0/0 l 0/0 (base 167/10.2 154/8.9) | e r 0/0 l 0/0 | f 74/8.1 (≤107/9.1) | c 0.4/-0.1 
K4c a 49/2.40 | b r 0/0 l 0/0 (base 90/7.7 87/7.1) | e r 0/0 l 0/0 | f 37/5.3 (≤94/6.3) | c -0.5/-0.1 ✗ S1
K1a:S1,S2il  K1b:S1  K2b:S1  K4a:S3r  K4c:S1
### ramp_03_07 5k {"HEAT_C_ARM":0.03,"HEAT_C_ARM_T":[0.3,0.7]}
K1a a 33/3.49 | b r 0/0 l 5/3.9 (base 2/4.1 0/0) | e r 0/0 l 0/0 | f 26/6.9 (≤71/7.9) | c -17.5/-53.3 ✗ S1,S2il
K1b a 26/3.58 | b r 0/0 l 29/6.7 (base 0/0 67/9.4) | e r 0/0 l 0/0 | f 19/5.1 (≤56/6.7) | c -6.8/-26.4 ✗ S1
K2a a 6/2.28 | b r 0/0 l 0/0 (base 22/7.3 21/6.5) | e r 0/0 l 0/0 | f 14/4.7 (≤46/5.7) | c -0.2/0.1 
K2b a 29/3.55 | b r 0/0 l 1/0.3 (base 0/0 4/2.4) | e r 0/0 l 0/0 | f 22/6.3 (≤64/7.3) | c -14.6/-46.7 ✗ S1
K3a a 0/1.55 | b r 0/0 l 0/0 (base 20/7.7 41/7.5) | e r 0/0 l 0/0 | f 22/5.9 (≤52/6.9) | c 0.2/0.1 
K3b a 0/1.49 | b r 0/0 l 0/0 (base 42/8.2 17/5) | e r 0/0 l 0/0 | f 21/6 (≤51/7) | c 0.2/0.2 
K4a a 0/1.17 | b r 0/0 l 0/0 (base 93/8.9 87/7.7) | e r 8/1.3 l 0/0 | f 5/2.6 (≤35/3.6) | c -0.1/0.0 ✗ S3r
K4b a 4/1.95 | b r 0/0 l 0/0 (base 37/10.3 36/8.1) | e r 0/0 l 0/0 | f 23/6.4 (≤55/7.4) | c 0.7/0.2 
K4c a 13/2.74 | b r 0/0 l 0/0 (base 20/6.3 19/6.4) | e r 0/0 l 0/0 | f 11/4.3 (≤47/5.3) | c 1.1/0.1 ✗ S1
K1a:S1,S2il  K1b:S1  K2b:S1  K4a:S3r  K4c:S1
### H_c1 20k {}
K1a a 223/5.16 | b r 5/1.3 l 31/4 (base 22/4 6/1.4) | e r 0/0 l 0/0 | f 82/7.5 (≤168/8.5) | c -5.2/-53.9 ✗ S1,S2il
K1b a 195/5.36 | b r 0/0 l 132/6.7 (base 0/0 259/9.7) | e r 0/0 l 23/4 | f 58/5.6 (≤122/6.6) | c -2.1/-27.0 ✗ S1
K2a a 76/2.84 | b r 0/0 l 0/0 (base 95/8 92/7.1) | e r 0/0 l 0/0 | f 51/5.1 (≤88/6.1) | c 0.1/-0.0 ✗ S1
K2b a 219/4.66 | b r 0/0 l 13/0.9 (base 1/0 20/2.9) | e r 0/0 l 0/0 | f 75/6.9 (≤158/7.9) | c -4.5/-47.3 ✗ S1
K3a a 6/1.73 | b r 0/0 l 0/0 (base 69/7.3 162/7.3) | e r 0/0 l 0/0 | f 76/6.4 (≤106/7.4) | c -0.3/-0.3 
K3b a 3/1.69 | b r 0/0 l 0/0 (base 193/8.1 69/4.9) | e r 0/0 l 0/0 | f 71/6.5 (≤101/7.5) | c 0.2/0.2 
K4a a 0/1.31 | b r 2/0.2 l 0/0 (base 422/9.4 420/8.3) | e r 22/1.1 l 0/0 | f 20/2.8 (≤50/3.8) | c 0.1/0.0 ✗ S3r
K4b a 58/2.47 | b r 5/0.6 l 0/0 (base 167/10.2 154/8.9) | e r 0/0 l 0/0 | f 74/8.1 (≤107/9.1) | c 0.4/-0.1 ✗ S1
K4c a 127/3.43 | b r 4/1.4 l 1/0.1 (base 90/7.7 87/7.1) | e r 0/0 l 0/0 | f 37/5.3 (≤94/6.3) | c -0.5/-0.1 ✗ S1
K1a:S1,S2il  K1b:S1  K2a:S1  K2b:S1  K4a:S3r  K4b:S1  K4c:S1
### H_c1 5k {}
K1a a 69/5.34 | b r 0/0 l 3/2.3 (base 2/4.1 0/0) | e r 0/0 l 0/0 | f 26/6.9 (≤71/7.9) | c -17.5/-53.3 ✗ S1,S2il
K1b a 58/6.14 | b r 0/0 l 35/6.7 (base 0/0 67/9.4) | e r 0/0 l 1/2.6 | f 19/5.1 (≤56/6.7) | c -6.8/-26.4 ✗ S1
K2a a 22/3.31 | b r 0/0 l 0/0 (base 22/7.3 21/6.5) | e r 0/0 l 0/0 | f 14/4.7 (≤46/5.7) | c -0.2/0.1 ✗ S1
K2b a 68/5.55 | b r 0/0 l 1/0.9 (base 0/0 4/2.4) | e r 0/0 l 0/0 | f 22/6.3 (≤64/7.3) | c -14.6/-46.7 ✗ S1
K3a a 4/1.81 | b r 0/0 l 0/0 (base 20/7.7 41/7.5) | e r 0/0 l 0/0 | f 22/5.9 (≤52/6.9) | c 0.2/0.1 
K3b a 1/1.89 | b r 0/0 l 0/0 (base 42/8.2 17/5) | e r 0/0 l 0/0 | f 21/6 (≤51/7) | c 0.2/0.2 
K4a a 0/1.34 | b r 0/0 l 0/0 (base 93/8.9 87/7.7) | e r 8/1.3 l 0/0 | f 5/2.6 (≤35/3.6) | c -0.1/0.0 ✗ S3r
K4b a 17/2.91 | b r 0/0 l 0/0 (base 37/10.3 36/8.1) | e r 0/0 l 0/0 | f 23/6.4 (≤55/7.4) | c 0.7/0.2 ✗ S1
K4c a 41/4.12 | b r 0/0 l 1/0.1 (base 20/6.3 19/6.4) | e r 0/0 l 0/0 | f 11/4.3 (≤47/5.3) | c 1.1/0.1 ✗ S1
K1a:S1,S2il  K1b:S1  K2a:S1  K2b:S1  K4a:S3r  K4b:S1  K4c:S1
### H_c1_half 20k {"HALF":true}
K1a a 240/6.06 | b r 15/2.6 l 38/3.4 (base 22/4 6/1.4) | e r 0/0 l 0/0 | f 82/7.5 (≤168/8.5) | c -5.2/-53.9 ✗ S1,S2il
K1b a 235/6.00 | b r 0/0 l 186/6.9 (base 0/0 259/9.7) | e r 0/0 l 25/4.1 | f 58/5.6 (≤122/6.6) | c -2.1/-27.0 ✗ S1
K2a a 85/2.95 | b r 4/0.3 l 3/0.1 (base 95/8 92/7.1) | e r 0/0 l 0/0 | f 51/5.1 (≤88/6.1) | c 0.1/-0.0 ✗ S1
K2b a 245/5.44 | b r 0/0 l 22/2.2 (base 1/0 20/2.9) | e r 0/0 l 0/0 | f 75/6.9 (≤158/7.9) | c -4.5/-47.3 ✗ S1,S2il
K3a a 8/1.77 | b r 0/0 l 0/0 (base 69/7.3 162/7.3) | e r 0/0 l 0/0 | f 76/6.4 (≤106/7.4) | c -0.3/-0.3 
K3b a 6/1.74 | b r 0/0 l 0/0 (base 193/8.1 69/4.9) | e r 0/0 l 0/0 | f 71/6.5 (≤101/7.5) | c 0.2/0.2 
K4a a 0/1.32 | b r 2/0.2 l 0/0 (base 422/9.4 420/8.3) | e r 22/1.1 l 0/0 | f 20/2.8 (≤50/3.8) | c 0.1/0.0 ✗ S3r
K4b a 64/2.83 | b r 11/0.4 l 3/0.3 (base 167/10.2 154/8.9) | e r 0/0 l 0/0 | f 74/8.1 (≤107/9.1) | c 0.4/-0.1 ✗ S1
K4c a 132/4.12 | b r 17/1.7 l 18/1.1 (base 90/7.7 87/7.1) | e r 0/0 l 0/0 | f 37/5.3 (≤94/6.3) | c -0.5/-0.1 ✗ S1
K1a:S1,S2il  K1b:S1  K2a:S1  K2b:S1,S2il  K4a:S3r  K4b:S1  K4c:S1
### H_c1_half 5k {"HALF":true}
K1a a 74/6.43 | b r 0/0 l 6/2.9 (base 2/4.1 0/0) | e r 0/0 l 0/0 | f 26/6.9 (≤71/7.9) | c -17.5/-53.3 ✗ S1,S2il
K1b a 70/5.98 | b r 0/0 l 46/7.1 (base 0/0 67/9.4) | e r 0/0 l 1/2.8 | f 19/5.1 (≤56/6.7) | c -6.8/-26.4 ✗ S1
K2a a 26/2.95 | b r 0/0 l 2/0.4 (base 22/7.3 21/6.5) | e r 0/0 l 0/0 | f 14/4.7 (≤46/5.7) | c -0.2/0.1 ✗ S1
K2b a 73/5.08 | b r 0/0 l 3/1.6 (base 0/0 4/2.4) | e r 0/0 l 0/0 | f 22/6.3 (≤64/7.3) | c -14.6/-46.7 ✗ S1
K3a a 0/1.86 | b r 0/0 l 0/0 (base 20/7.7 41/7.5) | e r 0/0 l 0/0 | f 22/5.9 (≤52/6.9) | c 0.2/0.1 
K3b a 1/1.71 | b r 0/0 l 0/0 (base 42/8.2 17/5) | e r 0/0 l 0/0 | f 21/6 (≤51/7) | c 0.2/0.2 
K4a a 0/1.34 | b r 0/0 l 0/0 (base 93/8.9 87/7.7) | e r 8/1.3 l 0/0 | f 5/2.6 (≤35/3.6) | c -0.1/0.0 ✗ S3r
K4b a 15/2.62 | b r 1/0.9 l 2/0.3 (base 37/10.3 36/8.1) | e r 0/0 l 0/0 | f 23/6.4 (≤55/7.4) | c 0.7/0.2 ✗ S1
K4c a 44/3.88 | b r 2/2.1 l 2/1.4 (base 20/6.3 19/6.4) | e r 0/0 l 0/0 | f 11/4.3 (≤47/5.3) | c 1.1/0.1 ✗ S1,S2iiir
K1a:S1,S2il  K1b:S1  K2a:S1  K2b:S1  K4a:S3r  K4b:S1  K4c:S1,S2iiir
### H_c1_torsohalf_D002 20k {"TORSO_HALF":{"k":1,"D":0.02}}
K1a a 210/5.17 | b r 1/1.2 l 21/1.9 (base 22/4 6/1.4) | e r 0/0 l 0/0 | f 291/7.5 (≤168/8.5) | c -5.2/-57.0 ✗ S1,S2il,S11
K1b a 175/5.23 | b r 0/0 l 97/6.1 (base 0/0 259/9.7) | e r 0/0 l 35/4.9 | f 165/5.6 (≤122/6.6) | c -1.9/-27.8 ✗ S1,S11
K2a a 70/2.95 | b r 0/0 l 0/0 (base 95/8 92/7.1) | e r 0/0 l 0/0 | f 51/5.1 (≤88/6.1) | c 0.6/-0.2 ✗ S1
K2b a 204/4.99 | b r 0/0 l 0/0 (base 1/0 20/2.9) | e r 0/0 l 0/0 | f 176/6.9 (≤158/7.9) | c -4.2/-49.0 ✗ S1,S11
K3a a 7/1.80 | b r 0/0 l 0/0 (base 69/7.3 162/7.3) | e r 0/0 l 0/0 | f 76/6.4 (≤106/7.4) | c -0.5/0.9 
K3b a 4/1.75 | b r 0/0 l 0/0 (base 193/8.1 69/4.9) | e r 0/0 l 0/0 | f 71/6.5 (≤101/7.5) | c 0.5/-1.0 
K4a a 0/1.26 | b r 2/0.2 l 0/0 (base 422/9.4 420/8.3) | e r 22/1.1 l 0/0 | f 20/2.8 (≤50/3.8) | c 0.5/-0.0 ✗ S3r
K4b a 59/3.10 | b r 1/0.2 l 0/0 (base 167/10.2 154/8.9) | e r 0/0 l 0/0 | f 74/8.1 (≤107/9.1) | c -0.6/-0.2 ✗ S1
K4c a 118/4.15 | b r 0/0 l 0/0 (base 90/7.7 87/7.1) | e r 0/0 l 0/0 | f 37/5.3 (≤94/6.3) | c -0.8/-0.3 ✗ S1
K1a:S1,S2il,S11  K1b:S1,S11  K2a:S1  K2b:S1,S11  K4a:S3r  K4b:S1  K4c:S1
### H_c1_torsohalf_D002 5k {"TORSO_HALF":{"k":1,"D":0.02}}
K1a a 67/5.81 | b r 0/0 l 2/0.4 (base 2/4.1 0/0) | e r 0/0 l 0/0 | f 73/6.9 (≤71/7.9) | c -19.6/-57.3 ✗ S1,S2il,S11
K1b a 49/6.24 | b r 0/0 l 27/5.9 (base 0/0 67/9.4) | e r 0/0 l 4/3.9 | f 46/5.1 (≤56/6.7) | c -10.0/-28.1 ✗ S1
K2a a 21/3.59 | b r 0/0 l 0/0 (base 22/7.3 21/6.5) | e r 0/0 l 0/0 | f 14/4.7 (≤46/5.7) | c 2.1/-0.6 ✗ S1
K2b a 62/6.02 | b r 0/0 l 0/0 (base 0/0 4/2.4) | e r 0/0 l 0/0 | f 45/6.3 (≤64/7.3) | c -16.9/-49.3 ✗ S1
K3a a 5/2.00 | b r 0/0 l 0/0 (base 20/7.7 41/7.5) | e r 0/0 l 0/0 | f 22/5.9 (≤52/6.9) | c 1.2/1.0 
K3b a 1/1.87 | b r 0/0 l 0/0 (base 42/8.2 17/5) | e r 0/0 l 0/0 | f 21/6 (≤51/7) | c -1.3/-1.4 
K4a a 0/1.29 | b r 0/0 l 0/0 (base 93/8.9 87/7.7) | e r 8/1.3 l 0/0 | f 5/2.6 (≤35/3.6) | c -1.1/-0.3 ✗ S3r
K4b a 18/3.28 | b r 0/0 l 0/0 (base 37/10.3 36/8.1) | e r 0/0 l 0/0 | f 23/6.4 (≤55/7.4) | c 1.9/-0.4 ✗ S1
K4c a 30/4.81 | b r 0/0 l 0/0 (base 20/6.3 19/6.4) | e r 0/0 l 0/0 | f 11/4.3 (≤47/5.3) | c 2.5/-0.8 ✗ S1
K1a:S1,S2il,S11  K1b:S1  K2a:S1  K2b:S1  K4a:S3r  K4b:S1  K4c:S1
