
> volleyball-dream@0.0.1 build
> vite build

[36mvite v7.3.6 [32mbuilding client environment for production...[36m[39m
transforming...
[32m✓[39m 223 modules transformed.
rendering chunks...
[33m[plugin vite:reporter] 
(!) C:/Users/shung/worktrees/volleyball-skin/src/net/lockstep.js is dynamically imported by C:/Users/shung/worktrees/volleyball-skin/src/main.js but also statically imported by C:/Users/shung/worktrees/volleyball-skin/src/app/matchLoop.js, dynamic import will not move module into another chunk.
[39m
computing gzip size...
[2mdist/[22m[32mmanifest.webmanifest                        [39m[1m[2m  0.51 kB[22m[1m[22m
[2mdist/[22m[32mindex.html                                  [39m[1m[2m  4.46 kB[22m[1m[22m[2m │ gzip:   2.07 kB[22m
[2mdist/[22m[35massets/directPractice-DGK9x6eg.css          [39m[1m[2m  7.00 kB[22m[1m[22m[2m │ gzip:   2.20 kB[22m
[2mdist/[22m[36massets/virtual_pwa-register-DNIazG63.js     [39m[1m[2m  0.88 kB[22m[1m[22m[2m │ gzip:   0.54 kB[22m[2m │ map:     4.23 kB[22m
[2mdist/[22m[36massets/debugVault-CeAKpQwz.js               [39m[1m[2m  2.06 kB[22m[1m[22m[2m │ gzip:   1.07 kB[22m[2m │ map:     8.09 kB[22m
[2mdist/[22m[36massets/kitPreview-UEQ7yfGQ.js               [39m[1m[2m  3.33 kB[22m[1m[22m[2m │ gzip:   1.71 kB[22m[2m │ map:    11.29 kB[22m
[2mdist/[22m[36massets/replayStage-DmYTLIDF.js              [39m[1m[2m  3.79 kB[22m[1m[22m[2m │ gzip:   2.06 kB[22m[2m │ map:    17.98 kB[22m
[2mdist/[22m[36massets/realPreview-u2SEFbe9.js              [39m[1m[2m  4.27 kB[22m[1m[22m[2m │ gzip:   2.28 kB[22m[2m │ map:    14.46 kB[22m
[2mdist/[22m[36massets/workbox-window.prod.es5-BBnX5xw4.js  [39m[1m[2m  5.81 kB[22m[1m[22m[2m │ gzip:   2.40 kB[22m[2m │ map:    13.56 kB[22m
[2mdist/[22m[36massets/directPractice-BpcGIiFM.js           [39m[1m[2m 29.53 kB[22m[1m[22m[2m │ gzip:  13.07 kB[22m[2m │ map:    98.67 kB[22m
[2mdist/[22m[36massets/freeballSandbox-CjRcHP-J.js          [39m[1m[2m 37.71 kB[22m[1m[22m[2m │ gzip:  12.91 kB[22m[2m │ map:   143.94 kB[22m
[2mdist/[22m[36massets/sim-CzEt6Exd.js                      [39m[1m[2m111.97 kB[22m[1m[22m[2m │ gzip:  40.44 kB[22m[2m │ map:   822.06 kB[22m
[2mdist/[22m[36massets/index-xDyHbZIi.js                    [39m[1m[2m212.14 kB[22m[1m[22m[2m │ gzip:  77.86 kB[22m[2m │ map: 1,090.77 kB[22m
[2mdist/[22m[36massets/ui-4EVhj15a.js                       [39m[1m[33m529.98 kB[39m[22m[2m │ gzip: 186.09 kB[22m[2m │ map: 2,116.35 kB[22m
[2mdist/[22m[36massets/three-3GeXJWij.js                    [39m[1m[33m784.21 kB[39m[22m[2m │ gzip: 201.86 kB[22m[2m │ map: 3,360.07 kB[22m
[33m
(!) Some chunks are larger than 500 kB after minification. Consider:
- Using dynamic import() to code-split the application
- Use build.rollupOptions.output.manualChunks to improve chunking: https://rollupjs.org/configuration-options/#output-manualchunks
- Adjust chunk size limit for this warning via build.chunkSizeWarningLimit.[39m
[32m✓ built in 41.30s[39m

PWA v1.3.0
mode      generateSW
precache  38 entries (2760.63 KiB)
files generated
  dist/sw.js.map
  dist/sw.js
  dist/workbox-9c191d2f.js.map
  dist/workbox-9c191d2f.js
