[real-match-browser] running 1:geo...
[real-match-browser] 1:geo done in 178s (tick=11250, errors=0)
[real-match-browser] running 1:real...
[real-match-browser] 1:real done in 205s (tick=11250, errors=0)
[real-match-browser] running 2:geo...
[real-match-browser] 2:geo done in 161s (tick=10933, errors=0)
[real-match-browser] running 2:real...
[real-match-browser] 2:real done in 239s (tick=10930, errors=0)
[real-match-browser] running 3:geo...
[real-match-browser] 3:geo done in 213s (tick=11693, errors=0)
[real-match-browser] running 3:real...
[real-match-browser] 3:real done in 288s (tick=11693, errors=0)
[real-match-browser] running B8(b) CPU throttle...
[real-match-browser] running B9 load-fail...
[real-match-browser] running B12 screenshots...
[real-match-browser]   B12 shot receive/desktop/geo...
[real-match-browser]   B12 shot receive/desktop/geo done in 87s (tick=4015, seq=bump)
[real-match-browser]   B12 shot receive/desktop/real...
[real-match-browser]   B12 shot receive/desktop/real done in 103s (tick=4015, seq=bump)
[real-match-browser]   B12 shot receive/portrait/geo...
[real-match-browser]   B12 shot receive/portrait/geo done in 87s (tick=4015, seq=bump)
[real-match-browser]   B12 shot receive/portrait/real...
[real-match-browser]   B12 shot receive/portrait/real done in 97s (tick=4015, seq=bump)
[real-match-browser]   B12 shot spike-hit/desktop/geo...
[real-match-browser]   B12 shot spike-hit/desktop/geo done in 89s (tick=4011, seq=spike)
[real-match-browser]   B12 shot spike-hit/desktop/real...
[real-match-browser]   B12 shot spike-hit/desktop/real done in 96s (tick=4011, seq=spike)
[real-match-browser]   B12 shot spike-hit/portrait/geo...
[real-match-browser]   B12 shot spike-hit/portrait/geo done in 77s (tick=4011, seq=spike)
[real-match-browser]   B12 shot spike-hit/portrait/real...
[real-match-browser]   B12 shot spike-hit/portrait/real done in 88s (tick=4011, seq=spike)
{
 "pass": {
  "B2": true,
  "B3": true,
  "B4": true,
  "B5": true,
  "B6": true,
  "B7": true,
  "B8b": true,
  "B9": true,
  "B12": true,
  "H1": true
 },
 "perSeed": {
  "1": {
   "b2Pass": true,
   "b3HandOk": true,
   "b3SoleOk": true,
   "b4Ok": true,
   "b5PlateOk": true,
   "b6EventsEqual": true,
   "b6SnapshotEqual": true,
   "hasLiberoSwap": true,
   "hasSubstitution": true,
   "subTick": 3276,
   "h1Geo": {
    "ok": true,
    "tick": 0,
    "entryCount": 19,
    "heightSpread": 0.24,
    "ratioMax": 0.9909801864542803,
    "ratioMin": 0.9712751631698637,
    "ratioSpread": 1.0202877866454518,
    "tallest": {
     "id": "A3",
     "height": 1.96,
     "headTopY": 1.9423211654503894
    },
    "shortest": {
     "id": "BL",
     "height": 1.72,
     "headTopY": 1.7031389819258518
    },
    "headDiff": 0.23918218352453757,
    "heightDiff": 0.24,
    "spreadOk": true,
    "ratioOk": true,
    "propOk": true
   },
   "h1Real": {
    "ok": true,
    "tick": 0,
    "entryCount": 19,
    "heightSpread": 0.24,
    "ratioMax": 0.9866700078853049,
    "ratioMin": 0.9678248781662998,
    "ratioSpread": 1.0194716318459496,
    "tallest": {
     "id": "A3",
     "height": 1.96,
     "headTopY": 1.9338732154551976
    },
    "shortest": {
     "id": "BL",
     "height": 1.72,
     "headTopY": 1.6957254747872141
    },
    "headDiff": 0.2381477406679835,
    "heightDiff": 0.24,
    "spreadOk": true,
    "ratioOk": true,
    "propOk": true
   }
  },
  "2": {
   "b2Pass": true,
   "b3HandOk": true,
   "b3SoleOk": true,
   "b4Ok": true,
   "b5PlateOk": true,
   "b6EventsEqual": true,
   "b6SnapshotEqual": null,
   "hasLiberoSwap": true,
   "hasSubstitution": true,
   "subTick": 3000,
   "h1Geo": {
    "ok": true,
    "tick": 0,
    "entryCount": 19,
    "heightSpread": 0.24,
    "ratioMax": 0.9909801864542803,
    "ratioMin": 0.9712751631698637,
    "ratioSpread": 1.0202877866454518,
    "tallest": {
     "id": "A3",
     "height": 1.96,
     "headTopY": 1.9423211654503894
    },
    "shortest": {
     "id": "BL",
     "height": 1.72,
     "headTopY": 1.7031389819258518
    },
    "headDiff": 0.23918218352453757,
    "heightDiff": 0.24,
    "spreadOk": true,
    "ratioOk": true,
    "propOk": true
   },
   "h1Real": {
    "ok": true,
    "tick": 0,
    "entryCount": 19,
    "heightSpread": 0.24,
    "ratioMax": 0.9866696697733934,
    "ratioMin": 0.96782319115212,
    "ratioSpread": 1.019473059535635,
    "tallest": {
     "id": "A3",
     "height": 1.96,
     "headTopY": 1.9338725527558511
    },
    "shortest": {
     "id": "BL",
     "height": 1.72,
     "headTopY": 1.6957248932347269
    },
    "headDiff": 0.23814765952112427,
    "heightDiff": 0.24,
    "spreadOk": true,
    "ratioOk": true,
    "propOk": true
   }
  },
  "3": {
   "b2Pass": true,
   "b3HandOk": true,
   "b3SoleOk": true,
   "b4Ok": true,
   "b5PlateOk": true,
   "b6EventsEqual": true,
   "b6SnapshotEqual": true,
   "hasLiberoSwap": true,
   "hasSubstitution": true,
   "subTick": 3034,
   "h1Geo": {
    "ok": true,
    "tick": 0,
    "entryCount": 19,
    "heightSpread": 0.24,
    "ratioMax": 0.9909794402777238,
    "ratioMin": 0.971273510638045,
    "ratioSpread": 1.0202887543249621,
    "tallest": {
     "id": "A3",
     "height": 1.96,
     "headTopY": 1.9423197029443386
    },
    "shortest": {
     "id": "BL",
     "height": 1.72,
     "headTopY": 1.7031376985021747
    },
    "headDiff": 0.23918200444216398,
    "heightDiff": 0.24,
    "spreadOk": true,
    "ratioOk": true,
    "propOk": true
   },
   "h1Real": {
    "ok": true,
    "tick": 0,
    "entryCount": 19,
    "heightSpread": 0.24,
    "ratioMax": 0.9866696697733934,
    "ratioMin": 0.96782319115212,
    "ratioSpread": 1.019473059535635,
    "tallest": {
     "id": "A3",
     "height": 1.96,
     "headTopY": 1.9338725527558511
    },
    "shortest": {
     "id": "BL",
     "height": 1.72,
     "headTopY": 1.6957248932347269
    },
    "headDiff": 0.23814765952112427,
    "heightDiff": 0.24,
    "spreadOk": true,
    "ratioOk": true,
    "propOk": true
   }
  }
 },
 "b3Coverage": {
  "distinctKeys": [
   "serve",
   "receiveReady",
   "bump",
   "transitionWait",
   "setReady",
   "overhead",
   "approach3",
   "windup",
   "spikeHold",
   "spike",
   "blockJump",
   "landSoft",
   "cheer",
   "overheadJump",
   "approach4",
   "serveFloat",
   "highfive",
   "dive"
  ],
  "count": 18,
  "groupsCovered": {
   "bump": true,
   "overhead": true,
   "spike": true,
   "block": true,
   "serve": true,
   "approach": true
  },
  "allGroupsOk": true,
  "countOk": true
 },
 "colorAllOk": true,
 "b7": {
  "pass": true,
  "protectedDiffEmpty": true,
  "importersOk": true
 },
 "b8b": {
  "seed": 1,
  "finalTick": 3971,
  "debug": {
   "appearance": "real",
   "faces": 20000
  },
  "errors": [],
  "commonTickCount": 398,
  "visibleCountMismatches": 0,
  "appearanceStayedReal": true,
  "facesStayed20k": true,
  "pass": true
 },
 "b9": {
  "seed": 1,
  "toastText": "寫實模型載入失敗，本場改用幾何球員顯示",
  "debugNow": {
   "appearance": "real",
   "realLoadFailed": true,
   "unitsAllGeo": true
  },
  "finalTick": 3972,
  "stillPlaying": true,
  "pageerrors": [],
  "consoleErrors": [
   "Failed to load resource: the server responded with a status of 404 (Not Found)",
   "[real-match] 寫實模型載入失敗，本場改用幾何球員 HttpError: fetch for \"http://127.0.0.1:5185/models/real/player_20k.glb\" responded with 404: Not Found\n    at http://127.0.0.1:5185/node_modules/.vite/deps/chunk-QOJ3YCJM.js?v=2b5df46e:23423:15"
  ],
  "toastHasSubstring": true,
  "pass": true
 }
}
