### 5k {}
K1a a 63/4.62 | b r 0/0 l 3/3.1 (base 2/4.1 0/0) | e r 0/0 l 0/0 | f 26/6.9 (≤71/7.9) | c -17.5/-53.3 ✗ S2il
K1b a 45/5.28 | b r 0/0 l 34/6.5 (base 0/0 67/9.4) | e r 0/0 l 0/0 | f 19/5.1 (≤56/6.7) | c -6.8/-26.4 
K2a a 17/2.90 | b r 0/0 l 0/0 (base 22/7.3 21/6.5) | e r 0/0 l 0/0 | f 14/4.7 (≤46/5.7) | c -0.2/0.1 
K2b a 61/4.84 | b r 0/0 l 3/0.5 (base 0/0 4/2.4) | e r 0/0 l 0/0 | f 22/6.3 (≤64/7.3) | c -14.6/-46.7 
K3a a 3/1.77 | b r 0/0 l 0/0 (base 20/7.7 41/7.5) | e r 0/0 l 0/0 | f 22/5.9 (≤52/6.9) | c 0.2/0.1 
K3b a 1/1.74 | b r 0/0 l 0/0 (base 42/8.2 17/5) | e r 0/0 l 0/0 | f 21/6 (≤51/7) | c 0.2/0.2 
K4a a 0/1.28 | b r 0/0 l 0/0 (base 93/8.9 87/7.7) | e r 8/1.3 l 0/0 | f 5/2.6 (≤35/3.6) | c -0.1/0.0 
K4b a 13/2.57 | b r 0/0 l 0/0 (base 37/10.3 36/8.1) | e r 0/0 l 0/0 | f 23/6.4 (≤55/7.4) | c 0.7/0.2 
K4c a 33/3.59 | b r 0/0 l 0/0 (base 20/6.3 19/6.4) | e r 0/0 l 0/0 | f 11/4.3 (≤47/5.3) | c 1.1/0.1 
S13 r 0.462 l 0.317 
K1a:S2il
### 20k {}
K1a a 183/4.44 | b r 4/1.3 l 38/3.6 (base 22/4 6/1.4) | e r 0/0 l 0/0 | f 82/7.5 (≤168/8.5) | c -5.2/-53.9 ✗ S2il
K1b a 170/4.59 | b r 0/0 l 128/6.7 (base 0/0 259/9.7) | e r 0/0 l 23/4.4 | f 58/5.6 (≤122/6.6) | c -2.1/-27.0 
K2a a 57/2.51 | b r 0/0 l 0/0 (base 95/8 92/7.1) | e r 0/0 l 0/0 | f 51/5.1 (≤88/6.1) | c 0.1/-0.0 
K2b a 191/4.05 | b r 0/0 l 5/0.6 (base 1/0 20/2.9) | e r 0/0 l 0/0 | f 75/6.9 (≤158/7.9) | c -4.5/-47.3 
K3a a 5/1.60 | b r 0/0 l 0/0 (base 69/7.3 162/7.3) | e r 0/0 l 0/0 | f 76/6.4 (≤106/7.4) | c -0.3/-0.3 
K3b a 0/1.57 | b r 0/0 l 0/0 (base 193/8.1 69/4.9) | e r 0/0 l 0/0 | f 71/6.5 (≤101/7.5) | c 0.2/0.2 
K4a a 0/1.25 | b r 0/0 l 0/0 (base 422/9.4 420/8.3) | e r 19/1.1 l 0/0 | f 20/2.8 (≤50/3.8) | c 0.1/0.0 
K4b a 34/2.22 | b r 1/0 l 0/0 (base 167/10.2 154/8.9) | e r 0/0 l 0/0 | f 74/8.1 (≤107/9.1) | c 0.4/-0.1 
K4c a 99/3.05 | b r 2/0.6 l 0/0 (base 90/7.7 87/7.1) | e r 0/0 l 0/0 | f 37/5.3 (≤94/6.3) | c -0.5/-0.1 
S13 r 0.471 l 0.371 
K1a:S2il
### 5k {"HEAT_C_ARM":0.7}
K1a a 63/4.62 | b r 0/0 l 3/3.1 (base 2/4.1 0/0) | e r 0/0 l 0/0 | f 26/6.9 (≤71/7.9) | c -17.5/-53.3 ✗ S2il
K1b a 45/5.28 | b r 0/0 l 34/6.5 (base 0/0 67/9.4) | e r 0/0 l 0/0 | f 19/5.1 (≤56/6.7) | c -6.8/-26.4 
K2a a 17/2.90 | b r 0/0 l 0/0 (base 22/7.3 21/6.5) | e r 0/0 l 0/0 | f 14/4.7 (≤46/5.7) | c -0.2/0.1 
K2b a 61/4.84 | b r 0/0 l 3/0.5 (base 0/0 4/2.4) | e r 0/0 l 0/0 | f 22/6.3 (≤64/7.3) | c -14.6/-46.7 
K3a a 3/1.77 | b r 0/0 l 0/0 (base 20/7.7 41/7.5) | e r 0/0 l 0/0 | f 22/5.9 (≤52/6.9) | c 0.2/0.1 
K3b a 1/1.74 | b r 0/0 l 0/0 (base 42/8.2 17/5) | e r 0/0 l 0/0 | f 21/6 (≤51/7) | c 0.2/0.2 
K4a a 0/1.28 | b r 0/0 l 0/0 (base 93/8.9 87/7.7) | e r 8/1.3 l 0/0 | f 5/2.6 (≤35/3.6) | c -0.1/0.0 
K4b a 13/2.57 | b r 0/0 l 0/0 (base 37/10.3 36/8.1) | e r 0/0 l 0/0 | f 23/6.4 (≤55/7.4) | c 0.7/0.2 
K4c a 33/3.59 | b r 0/0 l 0/0 (base 20/6.3 19/6.4) | e r 0/0 l 0/0 | f 11/4.3 (≤47/5.3) | c 1.1/0.1 
S13 r 0.462 l 0.317 
K1a:S2il
### 20k {"HEAT_C_ARM":0.7}
K1a a 183/4.44 | b r 4/1.3 l 38/3.6 (base 22/4 6/1.4) | e r 0/0 l 0/0 | f 82/7.5 (≤168/8.5) | c -5.2/-53.9 ✗ S2il
K1b a 170/4.59 | b r 0/0 l 128/6.7 (base 0/0 259/9.7) | e r 0/0 l 23/4.4 | f 58/5.6 (≤122/6.6) | c -2.1/-27.0 
K2a a 57/2.51 | b r 0/0 l 0/0 (base 95/8 92/7.1) | e r 0/0 l 0/0 | f 51/5.1 (≤88/6.1) | c 0.1/-0.0 
K2b a 191/4.05 | b r 0/0 l 5/0.6 (base 1/0 20/2.9) | e r 0/0 l 0/0 | f 75/6.9 (≤158/7.9) | c -4.5/-47.3 
K3a a 5/1.60 | b r 0/0 l 0/0 (base 69/7.3 162/7.3) | e r 0/0 l 0/0 | f 76/6.4 (≤106/7.4) | c -0.3/-0.3 
K3b a 0/1.57 | b r 0/0 l 0/0 (base 193/8.1 69/4.9) | e r 0/0 l 0/0 | f 71/6.5 (≤101/7.5) | c 0.2/0.2 
K4a a 0/1.25 | b r 0/0 l 0/0 (base 422/9.4 420/8.3) | e r 19/1.1 l 0/0 | f 20/2.8 (≤50/3.8) | c 0.1/0.0 
K4b a 34/2.22 | b r 1/0 l 0/0 (base 167/10.2 154/8.9) | e r 0/0 l 0/0 | f 74/8.1 (≤107/9.1) | c 0.4/-0.1 
K4c a 99/3.05 | b r 2/0.6 l 0/0 (base 90/7.7 87/7.1) | e r 0/0 l 0/0 | f 37/5.3 (≤94/6.3) | c -0.5/-0.1 
S13 r 0.471 l 0.371 
K1a:S2il
### 5k {"HEAT_C_ARM":0.5}
K1a a 54/4.00 | b r 0/0 l 6/3.7 (base 2/4.1 0/0) | e r 0/0 l 0/0 | f 26/6.9 (≤71/7.9) | c -17.5/-53.3 ✗ S2il
K1b a 36/4.57 | b r 0/0 l 34/6.6 (base 0/0 67/9.4) | e r 0/0 l 1/0.7 | f 19/5.1 (≤56/6.7) | c -6.8/-26.4 
K2a a 12/2.56 | b r 0/0 l 0/0 (base 22/7.3 21/6.5) | e r 0/0 l 0/0 | f 14/4.7 (≤46/5.7) | c -0.2/0.1 
K2b a 49/4.24 | b r 0/0 l 2/0.4 (base 0/0 4/2.4) | e r 0/0 l 0/0 | f 22/6.3 (≤64/7.3) | c -14.6/-46.7 
K3a a 0/1.71 | b r 0/0 l 0/0 (base 20/7.7 41/7.5) | e r 0/0 l 0/0 | f 22/5.9 (≤52/6.9) | c 0.2/0.1 
K3b a 0/1.61 | b r 0/0 l 0/0 (base 42/8.2 17/5) | e r 0/0 l 0/0 | f 21/6 (≤51/7) | c 0.2/0.2 
K4a a 0/1.23 | b r 0/0 l 0/0 (base 93/8.9 87/7.7) | e r 8/1.3 l 0/0 | f 5/2.6 (≤35/3.6) | c -0.1/0.0 
K4b a 7/2.29 | b r 0/0 l 0/0 (base 37/10.3 36/8.1) | e r 0/0 l 0/0 | f 23/6.4 (≤55/7.4) | c 0.7/0.2 
K4c a 25/3.15 | b r 0/0 l 0/0 (base 20/6.3 19/6.4) | e r 0/0 l 0/0 | f 11/4.3 (≤47/5.3) | c 1.1/0.1 
S13 r 0.514 l 0.373 x S13
K1a:S2il  S13
### 20k {"HEAT_C_ARM":0.5}
K1a a 150/3.83 | b r 2/1.3 l 40/3.6 (base 22/4 6/1.4) | e r 0/0 l 0/0 | f 82/7.5 (≤168/8.5) | c -5.2/-53.9 ✗ S2il
K1b a 144/4.16 | b r 0/0 l 120/6.6 (base 0/0 259/9.7) | e r 0/0 l 21/3.2 | f 58/5.6 (≤122/6.6) | c -2.1/-27.0 
K2a a 30/2.22 | b r 0/0 l 0/0 (base 95/8 92/7.1) | e r 0/0 l 0/0 | f 51/5.1 (≤88/6.1) | c 0.1/-0.0 
K2b a 153/3.56 | b r 0/0 l 2/0.2 (base 1/0 20/2.9) | e r 0/0 l 0/0 | f 75/6.9 (≤158/7.9) | c -4.5/-47.3 
K3a a 1/1.50 | b r 0/0 l 0/0 (base 69/7.3 162/7.3) | e r 0/0 l 0/0 | f 76/6.4 (≤106/7.4) | c -0.3/-0.3 
K3b a 0/1.48 | b r 0/0 l 0/0 (base 193/8.1 69/4.9) | e r 0/0 l 0/0 | f 71/6.5 (≤101/7.5) | c 0.2/0.2 
K4a a 0/1.21 | b r 0/0 l 0/0 (base 422/9.4 420/8.3) | e r 19/1.1 l 0/0 | f 20/2.8 (≤50/3.8) | c 0.1/0.0 
K4b a 20/2.03 | b r 0/0 l 0/0 (base 167/10.2 154/8.9) | e r 0/0 l 0/0 | f 74/8.1 (≤107/9.1) | c 0.4/-0.1 
K4c a 77/2.71 | b r 2/0.4 l 0/0 (base 90/7.7 87/7.1) | e r 0/0 l 0/0 | f 37/5.3 (≤94/6.3) | c -0.5/-0.1 
S13 r 0.523 l 0.428 x S13
K1a:S2il  S13
### 5k {"HEAT_C_ARM":0.3,"HEAT_C_ARM_T":[0.0,0.35]}
K1a a 66/5.31 | b r 0/0 l 3/2.4 (base 2/4.1 0/0) | e r 0/0 l 0/0 | f 26/6.9 (≤71/7.9) | c -17.5/-53.3 ✗ S2il
K1b a 52/6.12 | b r 0/0 l 35/6.6 (base 0/0 67/9.4) | e r 0/0 l 1/2.6 | f 19/5.1 (≤56/6.7) | c -6.8/-26.4 ✗ S1
K2a a 21/3.18 | b r 0/0 l 0/0 (base 22/7.3 21/6.5) | e r 0/0 l 0/0 | f 14/4.7 (≤46/5.7) | c -0.2/0.1 
K2b a 63/5.33 | b r 0/0 l 1/0.7 (base 0/0 4/2.4) | e r 0/0 l 0/0 | f 22/6.3 (≤64/7.3) | c -14.6/-46.7 
K3a a 4/1.80 | b r 0/0 l 0/0 (base 20/7.7 41/7.5) | e r 0/0 l 0/0 | f 22/5.9 (≤52/6.9) | c 0.2/0.1 
K3b a 1/1.86 | b r 0/0 l 0/0 (base 42/8.2 17/5) | e r 0/0 l 0/0 | f 21/6 (≤51/7) | c 0.2/0.2 
K4a a 0/1.23 | b r 0/0 l 0/0 (base 93/8.9 87/7.7) | e r 8/1.3 l 0/0 | f 5/2.6 (≤35/3.6) | c -0.1/0.0 
K4b a 15/2.81 | b r 0/0 l 0/0 (base 37/10.3 36/8.1) | e r 0/0 l 0/0 | f 23/6.4 (≤55/7.4) | c 0.7/0.2 
K4c a 38/3.95 | b r 0/0 l 0/0 (base 20/6.3 19/6.4) | e r 0/0 l 0/0 | f 11/4.3 (≤47/5.3) | c 1.1/0.1 
S13 r 0.424 l 0.274 
K1a:S2il  K1b:S1
### 20k {"HEAT_C_ARM":0.3,"HEAT_C_ARM_T":[0.0,0.35]}
K1a a 213/5.07 | b r 4/1.3 l 30/3.6 (base 22/4 6/1.4) | e r 0/0 l 0/0 | f 82/7.5 (≤168/8.5) | c -5.2/-53.9 ✗ S2il
K1b a 176/5.33 | b r 0/0 l 131/6.7 (base 0/0 259/9.7) | e r 0/0 l 23/4 | f 58/5.6 (≤122/6.6) | c -2.1/-27.0 
K2a a 72/2.82 | b r 0/0 l 0/0 (base 95/8 92/7.1) | e r 0/0 l 0/0 | f 51/5.1 (≤88/6.1) | c 0.1/-0.0 
K2b a 204/4.61 | b r 0/0 l 12/0.7 (base 1/0 20/2.9) | e r 0/0 l 0/0 | f 75/6.9 (≤158/7.9) | c -4.5/-47.3 
K3a a 6/1.72 | b r 0/0 l 0/0 (base 69/7.3 162/7.3) | e r 0/0 l 0/0 | f 76/6.4 (≤106/7.4) | c -0.3/-0.3 
K3b a 3/1.66 | b r 0/0 l 0/0 (base 193/8.1 69/4.9) | e r 0/0 l 0/0 | f 71/6.5 (≤101/7.5) | c 0.2/0.2 
K4a a 0/1.22 | b r 2/0.2 l 0/0 (base 422/9.4 420/8.3) | e r 22/1.1 l 0/0 | f 20/2.8 (≤50/3.8) | c 0.1/0.0 
K4b a 57/2.45 | b r 4/0.6 l 0/0 (base 167/10.2 154/8.9) | e r 0/0 l 0/0 | f 74/8.1 (≤107/9.1) | c 0.4/-0.1 
K4c a 124/3.40 | b r 3/1 l 0/0 (base 90/7.7 87/7.1) | e r 0/0 l 0/0 | f 37/5.3 (≤94/6.3) | c -0.5/-0.1 
S13 r 0.430 l 0.327 
K1a:S2il
### 5k {"HEAT_C_ARM":0.1,"HEAT_C_ARM_T":[0.0,0.35]}
K1a a 64/5.28 | b r 0/0 l 2/2.4 (base 2/4.1 0/0) | e r 0/0 l 0/0 | f 26/6.9 (≤71/7.9) | c -17.5/-53.3 ✗ S2il
K1b a 48/6.11 | b r 0/0 l 34/6.6 (base 0/0 67/9.4) | e r 0/0 l 1/2.6 | f 19/5.1 (≤56/6.7) | c -6.8/-26.4 ✗ S1
K2a a 21/3.10 | b r 0/0 l 0/0 (base 22/7.3 21/6.5) | e r 0/0 l 0/0 | f 14/4.7 (≤46/5.7) | c -0.2/0.1 
K2b a 61/5.20 | b r 0/0 l 1/0.6 (base 0/0 4/2.4) | e r 0/0 l 0/0 | f 22/6.3 (≤64/7.3) | c -14.6/-46.7 
K3a a 4/1.79 | b r 0/0 l 0/0 (base 20/7.7 41/7.5) | e r 0/0 l 0/0 | f 22/5.9 (≤52/6.9) | c 0.2/0.1 
K3b a 1/1.82 | b r 0/0 l 0/0 (base 42/8.2 17/5) | e r 0/0 l 0/0 | f 21/6 (≤51/7) | c 0.2/0.2 
K4a a 0/1.21 | b r 0/0 l 0/0 (base 93/8.9 87/7.7) | e r 8/1.3 l 0/0 | f 5/2.6 (≤35/3.6) | c -0.1/0.0 
K4b a 15/2.74 | b r 0/0 l 0/0 (base 37/10.3 36/8.1) | e r 0/0 l 0/0 | f 23/6.4 (≤55/7.4) | c 0.7/0.2 
K4c a 37/3.84 | b r 0/0 l 0/0 (base 20/6.3 19/6.4) | e r 0/0 l 0/0 | f 11/4.3 (≤47/5.3) | c 1.1/0.1 
S13 r 0.431 l 0.282 
K1a:S2il  K1b:S1
### 20k {"HEAT_C_ARM":0.1,"HEAT_C_ARM_T":[0.0,0.35]}
K1a a 199/4.92 | b r 3/1.3 l 31/3.6 (base 22/4 6/1.4) | e r 0/0 l 0/0 | f 82/7.5 (≤168/8.5) | c -5.2/-53.9 ✗ S2il
K1b a 172/5.30 | b r 0/0 l 129/6.7 (base 0/0 259/9.7) | e r 0/0 l 22/4 | f 58/5.6 (≤122/6.6) | c -2.1/-27.0 
K2a a 70/2.81 | b r 0/0 l 0/0 (base 95/8 92/7.1) | e r 0/0 l 0/0 | f 51/5.1 (≤88/6.1) | c 0.1/-0.0 
K2b a 196/4.55 | b r 0/0 l 10/0.7 (base 1/0 20/2.9) | e r 0/0 l 0/0 | f 75/6.9 (≤158/7.9) | c -4.5/-47.3 
K3a a 6/1.71 | b r 0/0 l 0/0 (base 69/7.3 162/7.3) | e r 0/0 l 0/0 | f 76/6.4 (≤106/7.4) | c -0.3/-0.3 
K3b a 2/1.65 | b r 0/0 l 0/0 (base 193/8.1 69/4.9) | e r 0/0 l 0/0 | f 71/6.5 (≤101/7.5) | c 0.2/0.2 
K4a a 0/1.21 | b r 2/0.2 l 0/0 (base 422/9.4 420/8.3) | e r 22/1.1 l 0/0 | f 20/2.8 (≤50/3.8) | c 0.1/0.0 
K4b a 53/2.44 | b r 4/0.6 l 0/0 (base 167/10.2 154/8.9) | e r 0/0 l 0/0 | f 74/8.1 (≤107/9.1) | c 0.4/-0.1 
K4c a 116/3.38 | b r 3/1 l 0/0 (base 90/7.7 87/7.1) | e r 0/0 l 0/0 | f 37/5.3 (≤94/6.3) | c -0.5/-0.1 
S13 r 0.438 l 0.335 
K1a:S2il
### 5k {"HEAT_C_ARM":0.7,"HALF_T":[0.3,0.5]}
K1a a 78/13.12 | b r 2/2 l 4/4.6 (base 2/4.1 0/0) | e r 0/0 l 0/0 | f 26/6.9 (≤71/7.9) | c -17.5/-53.3 ✗ S1,S2il
K1b a 70/16.79 | b r 0/0 l 46/7.1 (base 0/0 67/9.4) | e r 0/0 l 2/2.9 | f 19/5.1 (≤56/6.7) | c -6.8/-26.4 ✗ S1
K2a a 30/7.78 | b r 4/2.8 l 0/0 (base 22/7.3 21/6.5) | e r 0/0 l 0/0 | f 14/4.7 (≤46/5.7) | c -0.2/0.1 ✗ S1
K2b a 78/13.14 | b r 0/0 l 5/2.9 (base 0/0 4/2.4) | e r 0/0 l 0/0 | f 22/6.3 (≤64/7.3) | c -14.6/-46.7 ✗ S1,S2il
K3a a 15/4.31 | b r 2/1.4 l 0/0 (base 20/7.7 41/7.5) | e r 0/0 l 0/0 | f 22/5.9 (≤52/6.9) | c 0.2/0.1 ✗ S2iir
K3b a 12/4.31 | b r 1/2.4 l 0/0 (base 42/8.2 17/5) | e r 0/0 l 0/0 | f 21/6 (≤51/7) | c 0.2/0.2 ✗ S2iir
K4a a 4/1.87 | b r 1/4.5 l 0/0 (base 93/8.9 87/7.7) | e r 8/1.3 l 0/0 | f 5/2.6 (≤35/3.6) | c -0.1/0.0 ✗ S2iir
K4b a 21/6.72 | b r 6/3.6 l 2/3.4 (base 37/10.3 36/8.1) | e r 0/0 l 0/0 | f 23/6.4 (≤55/7.4) | c 0.7/0.2 ✗ S1,S2iiir,S2iiil
K4c a 58/10.09 | b r 6/3.2 l 4/1.9 (base 20/6.3 19/6.4) | e r 0/0 l 0/0 | f 11/4.3 (≤47/5.3) | c 1.1/0.1 ✗ S1,S2iiir
S13 r 0.128 l 0.034 
K1a:S1,S2il  K1b:S1  K2a:S1  K2b:S1,S2il  K3a:S2iir  K3b:S2iir  K4a:S2iir  K4b:S1,S2iiir,S2iiil  K4c:S1,S2iiir
### 20k {"HEAT_C_ARM":0.7,"HALF_T":[0.3,0.5]}
K1a a 290/9.57 | b r 16/4.8 l 20/4.4 (base 22/4 6/1.4) | e r 0/0 l 0/0 | f 82/7.5 (≤168/8.5) | c -5.2/-53.9 ✗ S1,S2ir,S2il
K1b a 269/11.57 | b r 0/0 l 183/7.2 (base 0/0 259/9.7) | e r 0/0 l 28/4.2 | f 58/5.6 (≤122/6.6) | c -2.1/-27.0 ✗ S1
K2a a 141/7.16 | b r 19/4.3 l 13/2.5 (base 95/8 92/7.1) | e r 0/0 l 0/0 | f 51/5.1 (≤88/6.1) | c 0.1/-0.0 ✗ S1
K2b a 284/12.89 | b r 2/1.1 l 21/2.8 (base 1/0 20/2.9) | e r 0/0 l 0/0 | f 75/6.9 (≤158/7.9) | c -4.5/-47.3 ✗ S1,S2ir,S2il
K3a a 35/3.77 | b r 12/3.4 l 1/0.1 (base 69/7.3 162/7.3) | e r 0/0 l 0/0 | f 76/6.4 (≤106/7.4) | c -0.3/-0.3 ✗ S2iir
K3b a 34/3.58 | b r 10/3.8 l 5/2.6 (base 193/8.1 69/4.9) | e r 0/0 l 0/0 | f 71/6.5 (≤101/7.5) | c 0.2/0.2 ✗ S2iir,S2iil
K4a a 15/1.64 | b r 14/4.2 l 1/1.1 (base 422/9.4 420/8.3) | e r 19/1.1 l 0/0 | f 20/2.8 (≤50/3.8) | c 0.1/0.0 ✗ S2iir,S2iil
K4b a 88/6.34 | b r 30/5.3 l 11/3 (base 167/10.2 154/8.9) | e r 0/0 l 0/0 | f 74/8.1 (≤107/9.1) | c 0.4/-0.1 ✗ S1,S2iiir,S2iiil
K4c a 200/9.38 | b r 28/3.4 l 19/2.6 (base 90/7.7 87/7.1) | e r 0/0 l 0/0 | f 37/5.3 (≤94/6.3) | c -0.5/-0.1 ✗ S1,S2iiir,S2iiil
S13 r 0.126 l 0.056 
K1a:S1,S2ir,S2il  K1b:S1  K2a:S1  K2b:S1,S2ir,S2il  K3a:S2iir  K3b:S2iir,S2iil  K4a:S2iir,S2iil  K4b:S1,S2iiir,S2iiil  K4c:S1,S2iiir,S2iiil
### 5k {"HEAT_C_ARM":0.7,"HALF_T":[0.2,0.6]}
K1a a 76/14.88 | b r 2/1.3 l 6/3.5 (base 2/4.1 0/0) | e r 0/0 l 0/0 | f 26/6.9 (≤71/7.9) | c -17.5/-53.3 ✗ S1,S2il
K1b a 65/14.99 | b r 0/0 l 47/7.1 (base 0/0 67/9.4) | e r 0/0 l 2/2.9 | f 19/5.1 (≤56/6.7) | c -6.8/-26.4 ✗ S1
K2a a 31/7.49 | b r 3/2.5 l 2/0.9 (base 22/7.3 21/6.5) | e r 0/0 l 0/0 | f 14/4.7 (≤46/5.7) | c -0.2/0.1 ✗ S1
K2b a 79/12.47 | b r 0/0 l 6/2.8 (base 0/0 4/2.4) | e r 0/0 l 0/0 | f 22/6.3 (≤64/7.3) | c -14.6/-46.7 ✗ S1,S2il
K3a a 19/3.76 | b r 3/1.4 l 0/0 (base 20/7.7 41/7.5) | e r 0/0 l 0/0 | f 22/5.9 (≤52/6.9) | c 0.2/0.1 ✗ S2iir
K3b a 14/3.80 | b r 0/0 l 0/0 (base 42/8.2 17/5) | e r 0/0 l 0/0 | f 21/6 (≤51/7) | c 0.2/0.2 
K4a a 1/1.68 | b r 0/0 l 0/0 (base 93/8.9 87/7.7) | e r 8/1.3 l 0/0 | f 5/2.6 (≤35/3.6) | c -0.1/0.0 
K4b a 26/6.46 | b r 5/2.2 l 4/1.2 (base 37/10.3 36/8.1) | e r 0/0 l 0/0 | f 23/6.4 (≤55/7.4) | c 0.7/0.2 ✗ S1,S2iiir
K4c a 43/9.71 | b r 5/3.2 l 4/1.9 (base 20/6.3 19/6.4) | e r 0/0 l 0/0 | f 11/4.3 (≤47/5.3) | c 1.1/0.1 ✗ S1,S2iiir
S13 r 0.150 l 0.049 
K1a:S1,S2il  K1b:S1  K2a:S1  K2b:S1,S2il  K3a:S2iir  K4b:S1,S2iiir  K4c:S1,S2iiir
### 20k {"HEAT_C_ARM":0.7,"HALF_T":[0.2,0.6]}
K1a a 265/10.58 | b r 21/5 l 32/4.3 (base 22/4 6/1.4) | e r 0/0 l 0/0 | f 82/7.5 (≤168/8.5) | c -5.2/-53.9 ✗ S1,S2ir,S2il
K1b a 230/12.24 | b r 0/0 l 190/7.2 (base 0/0 259/9.7) | e r 0/0 l 28/4.2 | f 58/5.6 (≤122/6.6) | c -2.1/-27.0 ✗ S1
K2a a 111/7.63 | b r 18/4.3 l 13/2.5 (base 95/8 92/7.1) | e r 0/0 l 0/0 | f 51/5.1 (≤88/6.1) | c 0.1/-0.0 ✗ S1
K2b a 250/13.32 | b r 0/0 l 32/2.7 (base 1/0 20/2.9) | e r 0/0 l 0/0 | f 75/6.9 (≤158/7.9) | c -4.5/-47.3 ✗ S1,S2il
K3a a 41/4.03 | b r 12/3.5 l 0/0 (base 69/7.3 162/7.3) | e r 0/0 l 0/0 | f 76/6.4 (≤106/7.4) | c -0.3/-0.3 ✗ S2iir
K3b a 35/3.82 | b r 4/3.7 l 0/0 (base 193/8.1 69/4.9) | e r 0/0 l 0/0 | f 71/6.5 (≤101/7.5) | c 0.2/0.2 ✗ S2iir
K4a a 16/1.74 | b r 11/3.1 l 0/0 (base 422/9.4 420/8.3) | e r 19/1.1 l 0/0 | f 20/2.8 (≤50/3.8) | c 0.1/0.0 ✗ S2iir
K4b a 78/6.96 | b r 29/5.3 l 15/3 (base 167/10.2 154/8.9) | e r 0/0 l 0/0 | f 74/8.1 (≤107/9.1) | c 0.4/-0.1 ✗ S1,S2iiir,S2iiil
K4c a 159/10.39 | b r 26/3.3 l 24/2.6 (base 90/7.7 87/7.1) | e r 0/0 l 0/0 | f 37/5.3 (≤94/6.3) | c -0.5/-0.1 ✗ S1,S2iiir,S2iiil
S13 r 0.157 l 0.079 
K1a:S1,S2ir,S2il  K1b:S1  K2a:S1  K2b:S1,S2il  K3a:S2iir  K3b:S2iir  K4a:S2iir  K4b:S1,S2iiir,S2iiil  K4c:S1,S2iiir,S2iiil
### 5k {"HEAT_C_ARM":0.7,"HALF_BONE":"ArmAux","HALF_T":[0.3,0.5]}
K1a a 89/20.48 | b r 0/0 l 3/5.5 (base 2/4.1 0/0) | e r 0/0 l 0/0 | f 26/6.9 (≤71/7.9) | c -17.5/-53.3 ✗ S1,S2il
K1b a 77/23.00 | b r 0/0 l 39/6.2 (base 0/0 67/9.4) | e r 0/0 l 2/2.3 | f 19/5.1 (≤56/6.7) | c -6.8/-26.4 ✗ S1
K2a a 48/11.99 | b r 0/0 l 0/0 (base 22/7.3 21/6.5) | e r 0/0 l 0/0 | f 14/4.7 (≤46/5.7) | c -0.2/0.1 ✗ S1
K2b a 86/20.38 | b r 0/0 l 3/2.7 (base 0/0 4/2.4) | e r 0/0 l 0/0 | f 22/6.3 (≤64/7.3) | c -14.6/-46.7 ✗ S1,S2il
K3a a 21/5.62 | b r 0/0 l 0/0 (base 20/7.7 41/7.5) | e r 0/0 l 0/0 | f 22/5.9 (≤52/6.9) | c 0.2/0.1 
K3b a 17/5.67 | b r 0/0 l 0/0 (base 42/8.2 17/5) | e r 0/0 l 0/0 | f 21/6 (≤51/7) | c 0.2/0.2 
K4a a 0/1.28 | b r 0/0 l 0/0 (base 93/8.9 87/7.7) | e r 8/1.3 l 0/0 | f 5/2.6 (≤35/3.6) | c -0.1/0.0 
K4b a 32/10.02 | b r 0/0 l 0/0 (base 37/10.3 36/8.1) | e r 0/0 l 0/0 | f 23/6.4 (≤55/7.4) | c 0.7/0.2 ✗ S1
K4c a 68/15.17 | b r 0/0 l 2/0.6 (base 20/6.3 19/6.4) | e r 0/0 l 0/0 | f 11/4.3 (≤47/5.3) | c 1.1/0.1 ✗ S1
S13 r 0.133 l 0.039 
K1a:S1,S2il  K1b:S1  K2a:S1  K2b:S1,S2il  K4b:S1  K4c:S1
### 20k {"HEAT_C_ARM":0.7,"HALF_BONE":"ArmAux","HALF_T":[0.3,0.5]}
K1a a 345/17.65 | b r 1/1.3 l 14/5.7 (base 22/4 6/1.4) | e r 0/0 l 0/0 | f 82/7.5 (≤168/8.5) | c -5.2/-53.9 ✗ S1,S2il
K1b a 278/13.61 | b r 0/0 l 148/6.2 (base 0/0 259/9.7) | e r 0/0 l 24/3.8 | f 58/5.6 (≤122/6.6) | c -2.1/-27.0 ✗ S1
K2a a 187/9.98 | b r 6/1.5 l 1/0.1 (base 95/8 92/7.1) | e r 0/0 l 0/0 | f 51/5.1 (≤88/6.1) | c 0.1/-0.0 ✗ S1
K2b a 331/17.15 | b r 1/0.1 l 12/2.6 (base 1/0 20/2.9) | e r 0/0 l 0/0 | f 75/6.9 (≤158/7.9) | c -4.5/-47.3 ✗ S1,S2ir
K3a a 64/4.74 | b r 0/0 l 0/0 (base 69/7.3 162/7.3) | e r 0/0 l 0/0 | f 76/6.4 (≤106/7.4) | c -0.3/-0.3 
K3b a 60/5.18 | b r 0/0 l 0/0 (base 193/8.1 69/4.9) | e r 0/0 l 0/0 | f 71/6.5 (≤101/7.5) | c 0.2/0.2 
K4a a 5/1.30 | b r 0/0 l 0/0 (base 422/9.4 420/8.3) | e r 19/1.1 l 0/0 | f 20/2.8 (≤50/3.8) | c 0.1/0.0 
K4b a 140/8.40 | b r 3/0.5 l 0/0 (base 167/10.2 154/8.9) | e r 0/0 l 0/0 | f 74/8.1 (≤107/9.1) | c 0.4/-0.1 ✗ S1
K4c a 235/12.52 | b r 6/1.9 l 7/0.9 (base 90/7.7 87/7.1) | e r 0/0 l 0/0 | f 37/5.3 (≤94/6.3) | c -0.5/-0.1 ✗ S1
S13 r 0.130 l 0.060 
K1a:S1,S2il  K1b:S1  K2a:S1  K2b:S1,S2ir  K4b:S1  K4c:S1
